flash: uploading membench.z64 (208K) ...
Uploading ROM [membench.z64]... done
Save type set to [None]
Boot mode set to [Bootloader -> ROM]
flash: attached for 200s -- debugf() output follows.
[Debug]: Started
VI WARNING: __vblank_interrupt outside of vblank period: 30
VI WARNING: __vblank_interrupt outside of vblank period: 138
VI WARNING: __vblank_interrupt outside of vblank period: 248
VI WARNING: __vblank_interrupt outside of vblank period: 356
VI WARNING: __vblank_interrupt outside of vblank period: 42
VI WARNING: __vblank_interrupt outside of vblank period: 224
VI WARNING: __vblank_interrupt outside of vblank period: 410
VI WARNING: __vblank_interrupt outside of vblank period: 594
VI WARNING: __vblank_interrupt outside of vblank period: 12
VI WARNING: __vblank_interrupt outside of vblank period: 196
M3,1792,002c0000,rdp,37984.5,579.5,579.6,84690.3,103603.9,5,5,0,0
M3,1792,002c0000,sp_rd2k,43967.9,670.7,670.9,0,0,0,0,3771,175.66
VI WARNING: __vblank_interrupt outside of vblank period: 498
VI WARNING: __vblank_interrupt outside of vblank period: 16
VI WARNING: __vblank_interrupt outside of vblank period: 162
VI WARNING: __vblank_interrupt outside of vblank period: 304
VI WARNING: __vblank_interrupt outside of vblank period: 450
VI WARNING: __vblank_interrupt outside of vblank period: 34
VI WARNING: __vblank_interrupt outside of vblank period: 408
VI WARNING: __vblank_interrupt outside of vblank period: 158
VI WARNING: __vblank_interrupt outside of vblank period: 534
VI WARNING: __vblank_interrupt outside of vblank period: 282
VI WARNING: __vblank_interrupt outside of vblank period: 356
VI WARNING: __vblank_interrupt outside of vblank period: 318
VI WARNING: __vblank_interrupt outside of vblank period: 280
VI WARNING: __vblank_interrupt outside of vblank period: 242
VI WARNING: __vblank_interrupt outside of vblank period: 210
M3,2048,00300000,rdp,27064.1,412.1,413.0,84756.9,92113.8,5,5,0,0
M3,2048,00300000,sp_rd2k,36916.2,563.0,563.3,0,0,0,0,4337,240.60
VI WARNING: __vblank_interrupt outside of vblank period: 512
VI WARNING: __vblank_interrupt outside of vblank period: 30
VI WARNING: __vblank_interrupt outside of vblank period: 174
VI WARNING: __vblank_interrupt outside of vblank period: 318
VI WARNING: __vblank_interrupt outside of vblank period: 462
VI WARNING: __vblank_interrupt outside of vblank period: 46
VI WARNING: __vblank_interrupt outside of vblank period: 422
VI WARNING: __vblank_interrupt outside of vblank period: 170
VI WARNING: __vblank_interrupt outside of vblank period: 546
VI WARNING: __vblank_interrupt outside of vblank period: 294
VI WARNING: __vblank_interrupt outside of vblank period: 368
VI WARNING: __vblank_interrupt outside of vblank period: 334
VI WARNING: __vblank_interrupt outside of vblank period: 296
VI WARNING: __vblank_interrupt outside of vblank period: 260
VI WARNING: __vblank_interrupt outside of vblank period: 224
M3,2560,00380000,rdp,27060.6,412.1,412.9,84752.4,92112.2,5,5,0,0
M3,2560,00380000,sp_rd2k,36905.5,562.7,563.1,0,0,0,0,4335,240.57
VI WARNING: __vblank_interrupt outside of vblank period: 526
VI WARNING: __vblank_interrupt outside of vblank period: 44
VI WARNING: __vblank_interrupt outside of vblank period: 188
VI WARNING: __vblank_interrupt outside of vblank period: 332
VI WARNING: __vblank_interrupt outside of vblank period: 478
VI WARNING: __vblank_interrupt outside of vblank period: 60
VI WARNING: __vblank_interrupt outside of vblank period: 438
VI WARNING: __vblank_interrupt outside of vblank period: 186
VI WARNING: __vblank_interrupt outside of vblank period: 562
VI WARNING: __vblank_interrupt outside of vblank period: 310
VI WARNING: __vblank_interrupt outside of vblank period: 384
VI WARNING: __vblank_interrupt outside of vblank period: 348
VI WARNING: __vblank_interrupt outside of vblank period: 308
VI WARNING: __vblank_interrupt outside of vblank period: 270
VI WARNING: __vblank_interrupt outside of vblank period: 234
M3,3072,00400000,rdp,27058.2,412.0,412.9,84752.6,92117.6,5,5,0,0
M3,3072,00400000,sp_rd2k,36896.4,562.2,563.0,0,0,0,0,4333,240.54
VI WARNING: __vblank_interrupt outside of vblank period: 536
VI WARNING: __vblank_interrupt outside of vblank period: 54
VI WARNING: __vblank_interrupt outside of vblank period: 196
VI WARNING: __vblank_interrupt outside of vblank period: 342
VI WARNING: __vblank_interrupt outside of vblank period: 488
VI WARNING: __vblank_interrupt outside of vblank period: 70
VI WARNING: __vblank_interrupt outside of vblank period: 446
VI WARNING: __vblank_interrupt outside of vblank period: 194
VI WARNING: __vblank_interrupt outside of vblank period: 570
VI WARNING: __vblank_interrupt outside of vblank period: 320
VI WARNING: __vblank_interrupt outside of vblank period: 392
VI WARNING: __vblank_interrupt outside of vblank period: 356
VI WARNING: __vblank_interrupt outside of vblank period: 318
VI WARNING: __vblank_interrupt outside of vblank period: 280
VI WARNING: __vblank_interrupt outside of vblank period: 242
M3,3584,00480000,rdp,27058.7,412.1,412.9,84753.8,92119.8,5,5,0,0
M3,3584,00480000,sp_rd2k,36902.6,562.7,563.1,0,0,0,0,4334,240.57
VI WARNING: __vblank_interrupt outside of vblank period: 542
VI WARNING: __vblank_interrupt outside of vblank period: 60
VI WARNING: __vblank_interrupt outside of vblank period: 202
VI WARNING: __vblank_interrupt outside of vblank period: 348
VI WARNING: __vblank_interrupt outside of vblank period: 494
VI WARNING: __vblank_interrupt outside of vblank period: 76
VI WARNING: __vblank_interrupt outside of vblank period: 452
VI WARNING: __vblank_interrupt outside of vblank period: 200
VI WARNING: __vblank_interrupt outside of vblank period: 578
VI WARNING: __vblank_interrupt outside of vblank period: 324
VI WARNING: __vblank_interrupt outside of vblank period: 400
VI WARNING: __vblank_interrupt outside of vblank period: 364
VI WARNING: __vblank_interrupt outside of vblank period: 326
VI WARNING: __vblank_interrupt outside of vblank period: 288
VI WARNING: __vblank_interrupt outside of vblank period: 250
M3,3840,004c0000,rdp,27059.3,412.0,412.9,84754.1,92114.8,5,5,0,0
M3,3840,004c0000,sp_rd2k,36899.9,562.9,563.0,0,0,0,0,4334,240.57
M3,# done
M5,stride_B,accesses,ticks_min,ns_min,ns_mean
VI WARNING: __vblank_interrupt outside of vblank period: 92
VI WARNING: __vblank_interrupt outside of vblank period: 380
VI WARNING: __vblank_interrupt outside of vblank period: 42
VI WARNING: __vblank_interrupt outside of vblank period: 332
VI WARNING: __vblank_interrupt outside of vblank period: 622
VI WARNING: __vblank_interrupt outside of vblank period: 40
M5,4,65536,1303676,424.4,425.3
VI WARNING: __vblank_interrupt outside of vblank period: 376
VI WARNING: __vblank_interrupt outside of vblank period: 38
VI WARNING: __vblank_interrupt outside of vblank period: 326
VI WARNING: __vblank_interrupt outside of vblank period: 616
VI WARNING: __vblank_interrupt outside of vblank period: 34
VI WARNING: __vblank_interrupt outside of vblank period: 324
M5,8,65536,1304958,424.8,425.7
VI WARNING: __vblank_interrupt outside of vblank period: 34
VI WARNING: __vblank_interrupt outside of vblank period: 322
VI WARNING: __vblank_interrupt outside of vblank period: 612
VI WARNING: __vblank_interrupt outside of vblank period: 28
VI WARNING: __vblank_interrupt outside of vblank period: 320
VI WARNING: __vblank_interrupt outside of vblank period: 610
VI WARNING: __vblank_interrupt outside of vblank period: 28
M5,16,65536,1306218,425.2,426.0
VI WARNING: __vblank_interrupt outside of vblank period: 364
VI WARNING: __vblank_interrupt outside of vblank period: 28
VI WARNING: __vblank_interrupt outside of vblank period: 320
VI WARNING: __vblank_interrupt outside of vblank period: 610
VI WARNING: __vblank_interrupt outside of vblank period: 26
VI WARNING: __vblank_interrupt outside of vblank period: 318
M5,32,65536,1308282,425.9,426.5
VI WARNING: __vblank_interrupt outside of vblank period: 28
VI WARNING: __vblank_interrupt outside of vblank period: 324
VI WARNING: __vblank_interrupt outside of vblank period: 618
VI WARNING: __vblank_interrupt outside of vblank period: 34
VI WARNING: __vblank_interrupt outside of vblank period: 330
VI WARNING: __vblank_interrupt outside of vblank period: 624
VI WARNING: __vblank_interrupt outside of vblank period: 40
M5,64,65536,1311379,426.9,427.6
VI WARNING: __vblank_interrupt outside of vblank period: 386
VI WARNING: __vblank_interrupt outside of vblank period: 56
VI WARNING: __vblank_interrupt outside of vblank period: 356
VI WARNING: __vblank_interrupt outside of vblank period: 26
VI WARNING: __vblank_interrupt outside of vblank period: 324
M5,128,65536,1317377,428.8,429.8
VI WARNING: __vblank_interrupt outside of vblank period: 46
VI WARNING: __vblank_interrupt outside of vblank period: 354
VI WARNING: __vblank_interrupt outside of vblank period: 34
VI WARNING: __vblank_interrupt outside of vblank period: 340
VI WARNING: __vblank_interrupt outside of vblank period: 22
M5,256,65536,1329494,432.8,433.5
VI WARNING: __vblank_interrupt outside of vblank period: 390
VI WARNING: __vblank_interrupt outside of vblank period: 88
VI WARNING: __vblank_interrupt outside of vblank period: 414
VI WARNING: __vblank_interrupt outside of vblank period: 110
VI WARNING: __vblank_interrupt outside of vblank period: 436
M5,512,65536,1357947,442.0,442.8
VI WARNING: __vblank_interrupt outside of vblank period: 226
VI WARNING: __vblank_interrupt outside of vblank period: 602
VI WARNING: __vblank_interrupt outside of vblank period: 20
VI WARNING: __vblank_interrupt outside of vblank period: 398
VI WARNING: __vblank_interrupt outside of vblank period: 142
VI WARNING: __vblank_interrupt outside of vblank period: 518
M5,1024,65536,1431854,466.1,467.0
VI WARNING: __vblank_interrupt outside of vblank period: 400
VI WARNING: __vblank_interrupt outside of vblank period: 236
VI WARNING: __vblank_interrupt outside of vblank period: 72
VI WARNING: __vblank_interrupt outside of vblank period: 538
VI WARNING: __vblank_interrupt outside of vblank period: 372
M5,2048,65536,1565261,509.5,509.9
VI WARNING: __vblank_interrupt outside of vblank period: 254
VI WARNING: __vblank_interrupt outside of vblank period: 92
VI WARNING: __vblank_interrupt outside of vblank period: 556
VI WARNING: __vblank_interrupt outside of vblank period: 394
VI WARNING: __vblank_interrupt outside of vblank period: 230
M5,4096,65536,1566903,510.1,510.4
VI WARNING: __vblank_interrupt outside of vblank period: 114
VI WARNING: __vblank_interrupt outside of vblank period: 584
VI WARNING: __vblank_interrupt outside of vblank period: 422
VI WARNING: __vblank_interrupt outside of vblank period: 262
VI WARNING: __vblank_interrupt outside of vblank period: 102
M5,8192,65536,1570710,511.3,511.7
VI WARNING: __vblank_interrupt outside of vblank period: 620
VI WARNING: __vblank_interrupt outside of vblank period: 38
VI WARNING: __vblank_interrupt outside of vblank period: 510
VI WARNING: __vblank_interrupt outside of vblank period: 356
VI WARNING: __vblank_interrupt outside of vblank period: 200
VI WARNING: __vblank_interrupt outside of vblank period: 44
M5,16384,65536,1577033,513.4,514.0
VI WARNING: __vblank_interrupt outside of vblank period: 568
VI WARNING: __vblank_interrupt outside of vblank period: 420
VI WARNING: __vblank_interrupt outside of vblank period: 272
VI WARNING: __vblank_interrupt outside of vblank period: 122
VI WARNING: __vblank_interrupt outside of vblank period: 602
VI WARNING: __vblank_interrupt outside of vblank period: 18
M5,32768,65536,1590377,517.7,518.3
M5,# done
M7,kind,cell,units,bytes_per_pass,win_us,cpu_ns_min,cpu_ns_mean,sp_dmas,sp_MBps,rdp_alone_us,rdp_us_mean,tmem_us_mean,rdp_MBps_alone,rdp_started,rdp_busy_after
VI WARNING: __vblank_interrupt outside of vblank period: 346
VI WARNING: __vblank_interrupt outside of vblank period: 492
VI WARNING: __vblank_interrupt outside of vblank period: 12
VI WARNING: __vblank_interrupt outside of vblank period: 156
VI WARNING: __vblank_interrupt outside of vblank period: 300
M7,fill,alone,112,17203200,25000.1,0.0,0.0,0,0.00,84756.0,84756.0,0.0,203.0,5,5
VI WARNING: __vblank_interrupt outside of vblank period: 564
VI WARNING: __vblank_interrupt outside of vblank period: 310
VI WARNING: __vblank_interrupt outside of vblank period: 60
VI WARNING: __vblank_interrupt outside of vblank period: 436
VI WARNING: __vblank_interrupt outside of vblank period: 184
M7,fill,cpu,112,17203200,27061.9,412.1,412.9,0,0.00,84756.0,92117.3,0.0,203.0,5,5
VI WARNING: __vblank_interrupt outside of vblank period: 34
VI WARNING: __vblank_interrupt outside of vblank period: 178
M7,fill,cr16,112,17203200,7107.8,428.6,433.8,0,0.00,84756.0,86938.3,0.0,203.0,5,5
VI WARNING: __vblank_interrupt outside of vblank period: 28
VI WARNING: __vblank_interrupt outside of vblank period: 394
VI WARNING: __vblank_interrupt outside of vblank period: 134
VI WARNING: __vblank_interrupt outside of vblank period: 502
VI WARNING: __vblank_interrupt outside of vblank period: 238
M7,fill,sp_rd2k,112,17203200,25000.1,0.0,0.0,4652,381.16,84756.0,111348.0,0.0,203.0,5,5
VI WARNING: __vblank_interrupt outside of vblank period: 30
VI WARNING: __vblank_interrupt outside of vblank period: 528
VI WARNING: __vblank_interrupt outside of vblank period: 398
VI WARNING: __vblank_interrupt outside of vblank period: 268
VI WARNING: __vblank_interrupt outside of vblank period: 142
M7,fill,sp_rd64,112,17203200,25000.1,0.0,0.0,57206,146.45,84756.0,95531.2,0.0,203.0,5,5
VI WARNING: __vblank_interrupt outside of vblank period: 70
VI WARNING: __vblank_interrupt outside of vblank period: 154
VI WARNING: __vblank_interrupt outside of vblank period: 236
VI WARNING: __vblank_interrupt outside of vblank period: 320
VI WARNING: __vblank_interrupt outside of vblank period: 404
M7,load,alone,2605,10670080,25000.1,0.0,0.0,0,0.00,82798.7,82798.7,79733.2,128.9,5,5
VI WARNING: __vblank_interrupt outside of vblank period: 134
VI WARNING: __vblank_interrupt outside of vblank period: 260
VI WARNING: __vblank_interrupt outside of vblank period: 388
VI WARNING: __vblank_interrupt outside of vblank period: 516
VI WARNING: __vblank_interrupt outside of vblank period: 18
M7,load,cpu,2605,10670080,31474.2,479.9,480.3,0,0.00,82798.7,84197.4,80988.0,128.9,5,5
VI WARNING: __vblank_interrupt outside of vblank period: 150
VI WARNING: __vblank_interrupt outside of vblank period: 108
M7,load,cr16,2605,10670080,7894.5,479.7,481.8,0,0.00,82798.7,83377.9,80261.5,128.9,5,5
VI WARNING: __vblank_interrupt outside of vblank period: 208
VI WARNING: __vblank_interrupt outside of vblank period: 516
VI WARNING: __vblank_interrupt outside of vblank period: 198
VI WARNING: __vblank_interrupt outside of vblank period: 508
VI WARNING: __vblank_interrupt outside of vblank period: 190
M7,load,sp_rd2k,2605,10670080,25000.1,0.0,0.0,4647,380.68,82798.7,109524.1,79922.5,128.9,5,5
VI WARNING: __vblank_interrupt outside of vblank period: 570
VI WARNING: __vblank_interrupt outside of vblank period: 140
VI WARNING: __vblank_interrupt outside of vblank period: 328
VI WARNING: __vblank_interrupt outside of vblank period: 524
VI WARNING: __vblank_interrupt outside of vblank period: 94
M7,load,sp_rd64,2605,10670080,25000.1,0.0,0.0,56218,143.92,82798.7,85778.2,82550.6,128.9,5,5
VI WARNING: __vblank_interrupt outside of vblank period: 322
VI WARNING: __vblank_interrupt outside of vblank period: 306
VI WARNING: __vblank_interrupt outside of vblank period: 292
VI WARNING: __vblank_interrupt outside of vblank period: 278
VI WARNING: __vblank_interrupt outside of vblank period: 262
M7,rectz,alone,17,7987200,25000.1,0.0,0.0,0,0.00,79657.5,79657.5,30.4,100.3,5,5
VI WARNING: __vblank_interrupt outside of vblank period: 428
VI WARNING: __vblank_interrupt outside of vblank period: 214
VI WARNING: __vblank_interrupt outside of vblank period: 420
M7,rectz,cpu,17,7987200,29046.5,442.2,443.2,0,0.00,79657.5,86747.6,31.8,100.3,5,5
M7,rectz,cr16,17,7987200,7578.5,461.8,462.6,0,0.00,79657.5,81612.8,32.2,100.3,5,5
VI WARNING: __vblank_interrupt outside of vblank period: 44
VI WARNING: __vblank_interrupt outside of vblank period: 256
VI WARNING: __vblank_interrupt outside of vblank period: 468
VI WARNING: __vblank_interrupt outside of vblank period: 56
VI WARNING: __vblank_interrupt outside of vblank period: 268
M7,rectz,sp_rd2k,17,7987200,25000.1,0.0,0.0,4654,381.30,79657.5,106431.4,31.2,100.3,5,5
VI WARNING: __vblank_interrupt outside of vblank period: 532
VI WARNING: __vblank_interrupt outside of vblank period: 154
VI WARNING: __vblank_interrupt outside of vblank period: 396
VI WARNING: __vblank_interrupt outside of vblank period: 16
VI WARNING: __vblank_interrupt outside of vblank period: 258
M7,rectz,sp_rd64,17,7987200,25000.1,0.0,0.0,57483,147.16,79657.5,87459.8,33.3,100.3,5,5
M7,# done
M6,mode,fb_phys,fb_bytes,client,cpu_ns_min,cpu_ns_mean,rdp_alone_us
VI WARNING: __vblank_interrupt outside of vblank period: 438
VI WARNING: __vblank_interrupt outside of vblank period: 14
VI WARNING: __vblank_interrupt outside of vblank period: 218
VI WARNING: __vblank_interrupt outside of vblank period: 422
M6,320x240x16,00082e80,153600,u32r,383.3,383.7,0
VI WARNING: __vblank_interrupt outside of vblank period: 250
VI WARNING: __vblank_interrupt outside of vblank period: 80
VI WARNING: __vblank_interrupt outside of vblank period: 324
M6,320x240x16,00082e80,153600,u64r,401.4,402.5,0
VI WARNING: __vblank_interrupt outside of vblank period: 178
VI WARNING: __vblank_interrupt outside of vblank period: 384
VI WARNING: __vblank_interrupt outside of vblank period: 192
M6,320x240x16,00082e80,153600,u32w,191.0,191.8,0
VI WARNING: __vblank_interrupt outside of vblank period: 216
VI WARNING: __vblank_interrupt outside of vblank period: 160
M6,320x240x16,00082e80,153600,cr16,422.3,426.4,0
VI WARNING: __vblank_interrupt outside of vblank period: 412
VI WARNING: __vblank_interrupt outside of vblank period: 556
VI WARNING: __vblank_interrupt outside of vblank period: 76
VI WARNING: __vblank_interrupt outside of vblank period: 218
VI WARNING: __vblank_interrupt outside of vblank period: 364
M6,320x240x16,00082e80,153600,rdp_fill,0,0,84768.2
VI WARNING: __vblank_interrupt outside of vblank period: 126
VI WARNING: __vblank_interrupt outside of vblank period: 384
VI WARNING: __vblank_interrupt outside of vblank period: 14
VI WARNING: __vblank_interrupt outside of vblank period: 270
VI WARNING: __vblank_interrupt outside of vblank period: 528
M6,320x240x32,00082e80,307200,u32r,405.9,408.5,0
VI WARNING: __vblank_interrupt outside of vblank period: 432
VI WARNING: __vblank_interrupt outside of vblank period: 284
VI WARNING: __vblank_interrupt outside of vblank period: 140
VI WARNING: __vblank_interrupt outside of vblank period: 436
M6,320x240x32,00082e80,307200,u64r,425.9,427.2,0
VI WARNING: __vblank_interrupt outside of vblank period: 326
VI WARNING: __vblank_interrupt outside of vblank period: 168
VI WARNING: __vblank_interrupt outside of vblank period: 16
VI WARNING: __vblank_interrupt outside of vblank period: 292
M6,320x240x32,00082e80,307200,u32w,206.7,208.2,0
VI WARNING: __vblank_interrupt outside of vblank period: 32
M6,320x240x32,00082e80,307200,cr16,445.4,449.4,0
VI WARNING: __vblank_interrupt outside of vblank period: 134
VI WARNING: __vblank_interrupt outside of vblank period: 508
VI WARNING: __vblank_interrupt outside of vblank period: 258
VI WARNING: __vblank_interrupt outside of vblank period: 16
VI WARNING: __vblank_interrupt outside of vblank period: 392
M6,320x240x32,00082e80,307200,rdp_fill,0,0,92248.6
VI WARNING: __vblank_interrupt outside of vblank period: 122
VI WARNING: __vblank_interrupt outside of vblank period: 380
VI WARNING: __vblank_interrupt outside of vblank period: 216
VI WARNING: __vblank_interrupt outside of vblank period: 474
M6,640x480x16,00540040,614400,u32r,405.3,407.3,0
VI WARNING: __vblank_interrupt outside of vblank period: 376
VI WARNING: __vblank_interrupt outside of vblank period: 230
VI WARNING: __vblank_interrupt outside of vblank period: 82
VI WARNING: __vblank_interrupt outside of vblank period: 378
M6,640x480x16,00540040,614400,u64r,425.3,426.7,0
VI WARNING: __vblank_interrupt outside of vblank period: 270
VI WARNING: __vblank_interrupt outside of vblank period: 114
VI WARNING: __vblank_interrupt outside of vblank period: 390
VI WARNING: __vblank_interrupt outside of vblank period: 234
M6,640x480x16,00540040,614400,u32w,206.6,207.6,0
VI WARNING: __vblank_interrupt outside of vblank period: 174
M6,640x480x16,00540040,614400,cr16,439.3,448.1,0
VI WARNING: __vblank_interrupt outside of vblank period: 76
VI WARNING: __vblank_interrupt outside of vblank period: 454
VI WARNING: __vblank_interrupt outside of vblank period: 208
VI WARNING: __vblank_interrupt outside of vblank period: 594
VI WARNING: __vblank_interrupt outside of vblank period: 16
VI WARNING: __vblank_interrupt outside of vblank period: 350
M6,640x480x16,00540040,614400,rdp_fill,0,0,92229.4
VI WARNING: __vblank_interrupt outside of vblank period: 52
VI WARNING: __vblank_interrupt outside of vblank period: 460
VI WARNING: __vblank_interrupt outside of vblank period: 222
VI WARNING: __vblank_interrupt outside of vblank period: 348
M6,640x480x32,00540040,1228800,u32r,472.4,476.3,0
VI WARNING: __vblank_interrupt outside of vblank period: 324
VI WARNING: __vblank_interrupt outside of vblank period: 254
VI WARNING: __vblank_interrupt outside of vblank period: 186
VI WARNING: __vblank_interrupt outside of vblank period: 114
VI WARNING: __vblank_interrupt outside of vblank period: 46
M6,640x480x32,00540040,1228800,u64r,498.2,498.8,0
VI WARNING: __vblank_interrupt outside of vblank period: 44
VI WARNING: __vblank_interrupt outside of vblank period: 14
VI WARNING: __vblank_interrupt outside of vblank period: 526
VI WARNING: __vblank_interrupt outside of vblank period: 480
M6,640x480x32,00540040,1228800,u32w,259.7,264.5,0
VI WARNING: __vblank_interrupt outside of vblank period: 274
VI WARNING: __vblank_interrupt outside of vblank period: 30
VI WARNING: __vblank_interrupt outside of vblank period: 124
M6,640x480x32,00540040,1228800,cr16,549.3,570.6,0
VI WARNING: __vblank_interrupt outside of vblank period: 100
VI WARNING: __vblank_interrupt outside of vblank period: 490
VI WARNING: __vblank_interrupt outside of vblank period: 256
VI WARNING: __vblank_interrupt outside of vblank period: 44
VI WARNING: __vblank_interrupt outside of vblank period: 434
M6,640x480x32,00540040,1228800,rdp_fill,0,0,112640.5
M6,# done
M4,cell,cpu_ns_min,cpu_ns_mean,rdp_us_min,rdp_started,rdp_busy_after
VI WARNING: __vblank_interrupt outside of vblank period: 80
VI WARNING: __vblank_interrupt outside of vblank period: 286
VI WARNING: __vblank_interrupt outside of vblank period: 492
VI WARNING: __vblank_interrupt outside of vblank period: 68
VI WARNING: __vblank_interrupt outside of vblank period: 274
M4,cpu_rspq_idle,382.2,385.2,0.0,0,0
VI WARNING: __vblank_interrupt outside of vblank period: 522
VI WARNING: __vblank_interrupt outside of vblank period: 48
VI WARNING: __vblank_interrupt outside of vblank period: 194
VI WARNING: __vblank_interrupt outside of vblank period: 346
VI WARNING: __vblank_interrupt outside of vblank period: 498
M4,rspq_fill_alone,0.0,0.0,84790.6,5,5
VI WARNING: __vblank_interrupt outside of vblank period: 132
VI WARNING: __vblank_interrupt outside of vblank period: 514
VI WARNING: __vblank_interrupt outside of vblank period: 268
VI WARNING: __vblank_interrupt outside of vblank period: 22
VI WARNING: __vblank_interrupt outside of vblank period: 402
M4,cpu+rspq_fill,412.2,413.1,92183.0,5,5
M4,# done
WARNING: Allocations beyond 4 MiB: this ROM requires the expansion pak to work properly.
WARNING: Call assert_memory_expanded() or is_memory_expanded() in main to disable this warning.
MB,# MemBench: tv=PAL mem=8 MiB ticks/s=46875000 buf=256 KiB runs=5 arena=00100000 cpu_buf=00200000 rdp_target=00300000 sp_region=00400000
MB,# fill pass: 8 units 5705.2 us -> 112 units (713.15 us per unit, 215 MB/s)
MB,# load pass: 256 units 7859.8 us -> 2605 units (30.70 us per unit, 133 MB/s)
MB,# rectz pass: 8 units 36381.1 us -> 17 units (4547.64 us per unit, 106 MB/s)
MB,# loadblk pass: 256 units 7239.6 us -> 2828 units (28.28 us per unit, 145 MB/s)
MB,# load32 pass: 256 units 7858.5 us -> 2606 units (30.70 us per unit, 133 MB/s)
MB,# loadi8 pass: 256 units 8824.1 us -> 2320 units (34.47 us per unit, 119 MB/s)
MB,# loadnarrow pass: 256 units 14984.4 us -> 1366 units (58.53 us per unit, 70 MB/s)
MB,# loadwide pass: 256 units 7375.8 us -> 2776 units (28.81 us per unit, 142 MB/s)
MB,# rectz check: pixel (100,100) reads 1235, texel 1234 -> written
MB,pattern,load,accesses,bytes_per,ticks_min,ticks_mean,ns_min,ns_mean,MBps_min,rdp_alone_us,rdp_us,rdp_started,rdp_busy_after
MB,u32r,vioff,65536,4,1119274,1119318,364.3,364.4,11.0,0.0,0.0,0,0
MB,u64r,vioff,32768,8,590997,591037,384.8,384.8,20.8,0.0,0.0,0,0
MB,u32w,vioff,65536,4,548418,548521,178.5,178.6,22.4,0.0,0.0,0,0
MB,u64w,vioff,32768,8,299378,299422,194.9,194.9,41.0,0.0,0.0,0,0
MB,u32r_s64,vioff,65536,4,1200889,1200917,390.9,390.9,10.2,0.0,0.0,0,0
MB,u32r_s4k,vioff,65536,4,1445662,1445689,470.6,470.6,8.5,0.0,0.0,0,0
MB,cr16,vioff,16384,16,311225,311558,405.2,405.7,39.5,0.0,0.0,0,0
MB,cw16,vioff,16384,32,646758,646955,842.1,842.4,38.0,0.0,0.0,0,0
MB,# fill pass alone (112 layers): VI off 79449.9 us, VI on 84758.1 us
VI WARNING: __vblank_interrupt outside of vblank period: 236
VI WARNING: __vblank_interrupt outside of vblank period: 440
VI WARNING: __vblank_interrupt outside of vblank period: 16
VI WARNING: __vblank_interrupt outside of vblank period: 222
VI WARNING: __vblank_interrupt outside of vblank period: 426
MB,u32r,idle,65536,4,1177190,1178400,383.2,383.6,10.4,0.0,0.0,0,0
VI WARNING: __vblank_interrupt outside of vblank period: 304
VI WARNING: __vblank_interrupt outside of vblank period: 132
VI WARNING: __vblank_interrupt outside of vblank period: 378
VI WARNING: __vblank_interrupt outside of vblank period: 208
MB,u64r,idle,32768,8,616904,617683,401.6,402.1,19.9,0.0,0.0,0,0
VI WARNING: __vblank_interrupt outside of vblank period: 66
VI WARNING: __vblank_interrupt outside of vblank period: 272
VI WARNING: __vblank_interrupt outside of vblank period: 80
MB,u32w,idle,65536,4,586879,589443,191.0,191.9,20.9,0.0,0.0,0,0
VI WARNING: __vblank_interrupt outside of vblank period: 152
VI WARNING: __vblank_interrupt outside of vblank period: 212
MB,u64w,idle,32768,8,316343,319880,206.0,208.3,38.8,0.0,0.0,0,0
VI WARNING: __vblank_interrupt outside of vblank period: 102
VI WARNING: __vblank_interrupt outside of vblank period: 356
VI WARNING: __vblank_interrupt outside of vblank period: 610
VI WARNING: __vblank_interrupt outside of vblank period: 28
VI WARNING: __vblank_interrupt outside of vblank period: 282
VI WARNING: __vblank_interrupt outside of vblank period: 538
MB,u32r_s64,idle,65536,4,1249550,1252406,406.8,407.7,9.8,0.0,0.0,0,0
VI WARNING: __vblank_interrupt outside of vblank period: 388
VI WARNING: __vblank_interrupt outside of vblank period: 186
VI WARNING: __vblank_interrupt outside of vblank period: 612
VI WARNING: __vblank_interrupt outside of vblank period: 28
VI WARNING: __vblank_interrupt outside of vblank period: 458
VI WARNING: __vblank_interrupt outside of vblank period: 256
MB,u32r_s4k,idle,65536,4,1510180,1512005,491.6,492.2,8.1,0.0,0.0,0,0
VI WARNING: __vblank_interrupt outside of vblank period: 148
MB,cr16,idle,16384,16,324177,328100,422.1,427.2,37.9,0.0,0.0,0,0
VI WARNING: __vblank_interrupt outside of vblank period: 374
VI WARNING: __vblank_interrupt outside of vblank period: 286
VI WARNING: __vblank_interrupt outside of vblank period: 194
VI WARNING: __vblank_interrupt outside of vblank period: 106
VI WARNING: __vblank_interrupt outside of vblank period: 18
MB,cw16,idle,16384,32,670753,671532,873.4,874.4,36.6,0.0,0.0,0,0
VI WARNING: __vblank_interrupt outside of vblank period: 332
VI WARNING: __vblank_interrupt outside of vblank period: 80
VI WARNING: __vblank_interrupt outside of vblank period: 456
VI WARNING: __vblank_interrupt outside of vblank period: 204
VI WARNING: __vblank_interrupt outside of vblank period: 578
MB,u32r,rdpfill,65536,4,1266062,1268474,412.1,412.9,9.7,84758.1,92032.7,5,5
VI WARNING: __vblank_interrupt outside of vblank period: 220
VI WARNING: __vblank_interrupt outside of vblank period: 120
VI WARNING: __vblank_interrupt outside of vblank period: 384
MB,u64r,rdpfill,32768,8,638066,639781,415.4,416.5,19.3,84758.1,88460.0,5,5
VI WARNING: __vblank_interrupt outside of vblank period: 318
VI WARNING: __vblank_interrupt outside of vblank period: 516
VI WARNING: __vblank_interrupt outside of vblank period: 88
VI WARNING: __vblank_interrupt outside of vblank period: 286
VI WARNING: __vblank_interrupt outside of vblank period: 486
MB,u32w,rdpfill,65536,4,1010875,1011058,329.1,329.1,12.2,84758.1,86426.7,5,5
VI WARNING: __vblank_interrupt outside of vblank period: 122
VI WARNING: __vblank_interrupt outside of vblank period: 296
MB,u64w,rdpfill,32768,8,503278,506344,327.7,329.7,24.4,84758.1,85584.8,5,5
VI WARNING: __vblank_interrupt outside of vblank period: 580
VI WARNING: __vblank_interrupt outside of vblank period: 328
VI WARNING: __vblank_interrupt outside of vblank period: 76
VI WARNING: __vblank_interrupt outside of vblank period: 452
VI WARNING: __vblank_interrupt outside of vblank period: 202
MB,u32r_s64,rdpfill,65536,4,1269621,1272218,413.3,414.1,9.7,84758.1,92054.5,5,5
VI WARNING: __vblank_interrupt outside of vblank period: 174
VI WARNING: __vblank_interrupt outside of vblank period: 94
VI WARNING: __vblank_interrupt outside of vblank period: 18
VI WARNING: __vblank_interrupt outside of vblank period: 568
VI WARNING: __vblank_interrupt outside of vblank period: 492
MB,u32r_s4k,rdpfill,65536,4,1531587,1533941,498.6,499.3,8.0,84758.1,97660.2,5,5
VI WARNING: __vblank_interrupt outside of vblank period: 224
VI WARNING: __vblank_interrupt outside of vblank period: 110
MB,cr16,rdpfill,16384,16,329341,332968,428.8,433.6,37.3,84758.1,86866.2,5,5
VI WARNING: __vblank_interrupt outside of vblank period: 100
VI WARNING: __vblank_interrupt outside of vblank period: 472
VI WARNING: __vblank_interrupt outside of vblank period: 214
VI WARNING: __vblank_interrupt outside of vblank period: 332
MB,cw16,rdpfill,16384,32,791288,792577,1030.3,1032.0,31.1,84758.1,90518.6,5,5
MB,# done
M2,cell,cpu,rdp,sp,pi,runs,win_us,cpu_n,cpu_ticks_min,cpu_ns_min,cpu_ns_mean,sp_dmas,sp_MBps,rdp_alone_us,rdp_us_min,rdp_us_mean,rdp_started,rdp_busy_after,rdp_timeout,pi_us_mean,pi_MBps,pi_busy_after
VI WARNING: __vblank_interrupt outside of vblank period: 430
VI WARNING: __vblank_interrupt outside of vblank period: 20
VI WARNING: __vblank_interrupt outside of vblank period: 234
VI WARNING: __vblank_interrupt outside of vblank period: 450
VI WARNING: __vblank_interrupt outside of vblank period: 38
M2,sp_rd64,-,0,rd64,0,5,25000.7,0,1171905,0.0,0.0,56018,143.40,0.0,0.0,0.0,0,0,0,0.0,0.00,0
VI WARNING: __vblank_interrupt outside of vblank period: 306
VI WARNING: __vblank_interrupt outside of vblank period: 524
VI WARNING: __vblank_interrupt outside of vblank period: 116
VI WARNING: __vblank_interrupt outside of vblank period: 336
VI WARNING: __vblank_interrupt outside of vblank period: 554
M2,sp_rd512,-,0,rd512,0,5,25001.0,0,1171910,0.0,0.0,18600,380.91,0.0,0.0,0.0,0,0,0,0.0,0.00,0
VI WARNING: __vblank_interrupt outside of vblank period: 194
VI WARNING: __vblank_interrupt outside of vblank period: 410
VI WARNING: __vblank_interrupt outside of vblank period: 178
VI WARNING: __vblank_interrupt outside of vblank period: 396
M2,sp_rd2k,-,0,rd2048,0,5,25001.1,0,1171915,0.0,0.0,4649,380.88,0.0,0.0,0.0,0,0,0,0.0,0.00,0
VI WARNING: __vblank_interrupt outside of vblank period: 38
VI WARNING: __vblank_interrupt outside of vblank period: 252
VI WARNING: __vblank_interrupt outside of vblank period: 468
VI WARNING: __vblank_interrupt outside of vblank period: 56
VI WARNING: __vblank_interrupt outside of vblank period: 272
M2,sp_wr64,-,0,wr64,0,5,25000.7,0,1171905,0.0,0.0,57033,146.00,0.0,0.0,0.0,0,0,0,0.0,0.00,0
VI WARNING: __vblank_interrupt outside of vblank period: 538
VI WARNING: __vblank_interrupt outside of vblank period: 130
VI WARNING: __vblank_interrupt outside of vblank period: 350
VI WARNING: __vblank_interrupt outside of vblank period: 568
VI WARNING: __vblank_interrupt outside of vblank period: 160
M2,sp_wr512,-,0,wr512,0,5,25001.0,0,1171916,0.0,0.0,19387,397.03,0.0,0.0,0.0,0,0,0,0.0,0.00,0
VI WARNING: __vblank_interrupt outside of vblank period: 430
VI WARNING: __vblank_interrupt outside of vblank period: 22
VI WARNING: __vblank_interrupt outside of vblank period: 242
VI WARNING: __vblank_interrupt outside of vblank period: 458
VI WARNING: __vblank_interrupt outside of vblank period: 50
M2,sp_wr2k,-,0,wr2048,0,5,25000.9,0,1171914,0.0,0.0,4845,396.94,0.0,0.0,0.0,0,0,0,0.0,0.00,0
VI WARNING: __vblank_interrupt outside of vblank period: 114
VI WARNING: __vblank_interrupt outside of vblank period: 130
VI WARNING: __vblank_interrupt outside of vblank period: 142
VI WARNING: __vblank_interrupt outside of vblank period: 156
VI WARNING: __vblank_interrupt outside of vblank period: 170
M2,sp_rd2k+cpu,u64r,0,rd2048,0,5,18453.6,32768,864436,562.8,563.2,2167,240.54,0.0,0.0,0.0,0,0,0,0.0,0.00,0
VI WARNING: __vblank_interrupt outside of vblank period: 278
VI WARNING: __vblank_interrupt outside of vblank period: 336
VI WARNING: __vblank_interrupt outside of vblank period: 394
VI WARNING: __vblank_interrupt outside of vblank period: 450
VI WARNING: __vblank_interrupt outside of vblank period: 506
M2,sp_wr2k+cpu,u64r,0,wr2048,0,5,19832.6,32768,929113,604.9,605.2,2149,221.94,0.0,0.0,0.0,0,0,0,0.0,0.00,0
VI WARNING: __vblank_interrupt outside of vblank period: 460
VI WARNING: __vblank_interrupt outside of vblank period: 358
VI WARNING: __vblank_interrupt outside of vblank period: 258
VI WARNING: __vblank_interrupt outside of vblank period: 156
VI WARNING: __vblank_interrupt outside of vblank period: 56
M2,sp_rd64+cpu,u64r,0,rd64,0,5,14861.7,32768,696123,453.2,453.5,33545,144.46,0.0,0.0,0.0,0,0,0,0.0,0.00,0
VI WARNING: __vblank_interrupt outside of vblank period: 22
VI WARNING: __vblank_interrupt outside of vblank period: 432
VI WARNING: __vblank_interrupt outside of vblank period: 348
VI WARNING: __vblank_interrupt outside of vblank period: 266
M2,sp_rd2k+cr16,cr16,0,rd2048,0,5,13837.9,16384,645820,840.9,844.6,1933,286.14,0.0,0.0,0.0,0,0,0,0.0,0.00,0
VI WARNING: __vblank_interrupt outside of vblank period: 540
VI WARNING: __vblank_interrupt outside of vblank period: 276
VI WARNING: __vblank_interrupt outside of vblank period: 16
VI WARNING: __vblank_interrupt outside of vblank period: 382
VI WARNING: __vblank_interrupt outside of vblank period: 122
M2,sp_rd2k+rdp,-,1,rd2048,0,5,25001.0,0,1171916,0.0,0.0,4652,381.11,84758.1,111280.8,111339.1,5,5,0,0.0,0.00,0
VI WARNING: __vblank_interrupt outside of vblank period: 546
VI WARNING: __vblank_interrupt outside of vblank period: 282
VI WARNING: __vblank_interrupt outside of vblank period: 22
VI WARNING: __vblank_interrupt outside of vblank period: 388
VI WARNING: __vblank_interrupt outside of vblank period: 128
M2,sp_wr2k+rdp,-,1,wr2048,0,5,25001.1,0,1171916,0.0,0.0,4845,396.93,84758.1,111290.5,111343.6,5,5,0,0.0,0.00,0
VI WARNING: __vblank_interrupt outside of vblank period: 548
VI WARNING: __vblank_interrupt outside of vblank period: 418
VI WARNING: __vblank_interrupt outside of vblank period: 288
VI WARNING: __vblank_interrupt outside of vblank period: 162
VI WARNING: __vblank_interrupt outside of vblank period: 32
M2,sp_rd64+rdp,-,1,rd64,0,5,25001.0,0,1171909,0.0,0.0,57225,146.49,84758.1,95457.8,95514.8,5,5,0,0.0,0.00,0
VI WARNING: __vblank_interrupt outside of vblank period: 376
VI WARNING: __vblank_interrupt outside of vblank period: 538
VI WARNING: __vblank_interrupt outside of vblank period: 70
VI WARNING: __vblank_interrupt outside of vblank period: 232
VI WARNING: __vblank_interrupt outside of vblank period: 392
M2,sp_rd2k+cpu+rdp,u64r,1,rd2048,0,5,18460.9,32768,864484,562.8,563.4,2168,240.56,84758.1,104680.4,104868.5,5,5,0,0.0,0.00,0
VI WARNING: __vblank_interrupt outside of vblank period: 36
VI WARNING: __vblank_interrupt outside of vblank period: 240
VI WARNING: __vblank_interrupt outside of vblank period: 444
VI WARNING: __vblank_interrupt outside of vblank period: 20
VI WARNING: __vblank_interrupt outside of vblank period: 222
M2,sp_wr2k+cpu+rdp,u64r,1,wr2048,0,5,19820.7,32768,928334,604.4,604.9,2145,221.70,84758.1,106116.3,106135.8,5,5,0,0.0,0.00,0
VI WARNING: __vblank_interrupt outside of vblank period: 624
VI WARNING: __vblank_interrupt outside of vblank period: 478
VI WARNING: __vblank_interrupt outside of vblank period: 54
VI WARNING: __vblank_interrupt outside of vblank period: 532
VI WARNING: __vblank_interrupt outside of vblank period: 106
VI WARNING: __vblank_interrupt outside of vblank period: 586
VI WARNING: __vblank_interrupt outside of vblank period: 162
VI WARNING: __vblank_interrupt outside of vblank period: 14
VI WARNING: __vblank_interrupt outside of vblank period: 214
VI WARNING: __vblank_interrupt outside of vblank period: 68
M2,pi,-,0,-,1,5,25000.7,0,1171905,0.0,0.0,0,0.00,0.0,0.0,0.0,0,0,0,202041.6,5.19,5
M2,pi+cpu,u64r,0,-,1,5,13346.0,32768,625157,407.0,407.3,0,0.00,0.0,0.0,0.0,0,0,0,199407.7,5.26,5
VI WARNING: __vblank_interrupt outside of vblank period: 230
VI WARNING: __vblank_interrupt outside of vblank period: 88
VI WARNING: __vblank_interrupt outside of vblank period: 290
VI WARNING: __vblank_interrupt outside of vblank period: 150
VI WARNING: __vblank_interrupt outside of vblank period: 352
VI WARNING: __vblank_interrupt outside of vblank period: 210
VI WARNING: __vblank_interrupt outside of vblank period: 410
VI WARNING: __vblank_interrupt outside of vblank period: 270
VI WARNING: __vblank_interrupt outside of vblank period: 470
VI WARNING: __vblank_interrupt outside of vblank period: 330
M2,pi+rdp,-,1,-,1,5,25000.7,0,1171905,0.0,0.0,0,0.00,84758.1,85130.4,85135.1,5,5,0,202245.8,5.18,5
VI WARNING: __vblank_interrupt outside of vblank period: 600
VI WARNING: __vblank_interrupt outside of vblank period: 530
VI WARNING: __vblank_interrupt outside of vblank period: 122
VI WARNING: __vblank_interrupt outside of vblank period: 52
VI WARNING: __vblank_interrupt outside of vblank period: 270
VI WARNING: __vblank_interrupt outside of vblank period: 202
VI WARNING: __vblank_interrupt outside of vblank period: 420
VI WARNING: __vblank_interrupt outside of vblank period: 350
VI WARNING: __vblank_interrupt outside of vblank period: 568
VI WARNING: __vblank_interrupt outside of vblank period: 500
M2,pi+sp_rd2k,-,0,rd2048,1,5,25000.9,0,1171912,0.0,0.0,4553,372.99,0.0,0.0,0.0,0,0,0,204583.5,5.13,5
VI WARNING: __vblank_interrupt outside of vblank period: 148
VI WARNING: __vblank_interrupt outside of vblank period: 90
VI WARNING: __vblank_interrupt outside of vblank period: 308
VI WARNING: __vblank_interrupt outside of vblank period: 254
VI WARNING: __vblank_interrupt outside of vblank period: 472
VI WARNING: __vblank_interrupt outside of vblank period: 420
VI WARNING: __vblank_interrupt outside of vblank period: 12
VI WARNING: __vblank_interrupt outside of vblank period: 580
VI WARNING: __vblank_interrupt outside of vblank period: 172
VI WARNING: __vblank_interrupt outside of vblank period: 116
M2,pi+sp_wr2k,-,0,wr2048,1,5,25000.9,0,1171909,0.0,0.0,4740,388.34,0.0,0.0,0.0,0,0,0,205017.0,5.11,5
VI WARNING: __vblank_interrupt outside of vblank period: 202
VI WARNING: __vblank_interrupt outside of vblank period: 32
M2,cpu,u64r,0,-,0,5,13200.9,32768,617044,401.7,402.9,0,0.00,0.0,0.0,0.0,0,0,0,0.0,0.00,0
VI WARNING: __vblank_interrupt outside of vblank period: 342
VI WARNING: __vblank_interrupt outside of vblank period: 240
VI WARNING: __vblank_interrupt outside of vblank period: 138
M2,cpu+rdp,u64r,1,-,0,5,13648.9,32768,637996,415.4,416.5,0,0.00,84758.1,88467.8,88535.4,5,5,0,0.0,0.00,0
VI WARNING: __vblank_interrupt outside of vblank period: 190
VI WARNING: __vblank_interrupt outside of vblank period: 334
VI WARNING: __vblank_interrupt outside of vblank period: 480
VI WARNING: __vblank_interrupt outside of vblank period: 624
VI WARNING: __vblank_interrupt outside of vblank period: 40
VI WARNING: __vblank_interrupt outside of vblank period: 144
M2,rdp,-,1,-,0,5,25000.8,0,1171905,0.0,0.0,0,0.00,84758.1,84633.3,84728.8,5,5,0,0.0,0.00,0
M2,# done
M3,off_kb,phys,client,win_us,cpu_ns_min,cpu_ns_mean,rdp_alone_us,rdp_us_mean,rdp_started,rdp_busy_after,sp_dmas,sp_MBps
VI WARNING: __vblank_interrupt outside of vblank period: 420
VI WARNING: __vblank_interrupt outside of vblank period: 564
VI WARNING: __vblank_interrupt outside of vblank period: 82
VI WARNING: __vblank_interrupt outside of vblank period: 224
VI WARNING: __vblank_interrupt outside of vblank period: 368
VI WARNING: __vblank_interrupt outside of vblank period: 580
VI WARNING: __vblank_interrupt outside of vblank period: 326
VI WARNING: __vblank_interrupt outside of vblank period: 74
VI WARNING: __vblank_interrupt outside of vblank period: 450
VI WARNING: __vblank_interrupt outside of vblank period: 198
VI WARNING: __vblank_interrupt outside of vblank period: 268
VI WARNING: __vblank_interrupt outside of vblank period: 232
VI WARNING: __vblank_interrupt outside of vblank period: 194
VI WARNING: __vblank_interrupt outside of vblank period: 160
VI WARNING: __vblank_interrupt outside of vblank period: 122
M3,0,00100000,rdp,27063.9,412.1,413.0,84731.1,92090.7,5,5,0,0
M3,0,00100000,sp_rd2k,36909.0,562.7,563.2,0,0,0,0,4336,240.60
VI WARNING: __vblank_interrupt outside of vblank period: 426
VI WARNING: __vblank_interrupt outside of vblank period: 570
VI WARNING: __vblank_interrupt outside of vblank period: 88
VI WARNING: __vblank_interrupt outside of vblank period: 230
VI WARNING: __vblank_interrupt outside of vblank period: 374
VI WARNING: __vblank_interrupt outside of vblank period: 586
VI WARNING: __vblank_interrupt outside of vblank period: 332
VI WARNING: __vblank_interrupt outside of vblank period: 80
VI WARNING: __vblank_interrupt outside of vblank period: 456
VI WARNING: __vblank_interrupt outside of vblank period: 202
VI WARNING: __vblank_interrupt outside of vblank period: 274
VI WARNING: __vblank_interrupt outside of vblank period: 236
VI WARNING: __vblank_interrupt outside of vblank period: 200
VI WARNING: __vblank_interrupt outside of vblank period: 164
VI WARNING: __vblank_interrupt outside of vblank period: 126
M3,256,00140000,rdp,27061.4,412.0,412.9,84734.3,92090.5,5,5,0,0
M3,256,00140000,sp_rd2k,36899.9,562.7,563.0,0,0,0,0,4334,240.58
VI WARNING: __vblank_interrupt outside of vblank period: 426
VI WARNING: __vblank_interrupt outside of vblank period: 570
VI WARNING: __vblank_interrupt outside of vblank period: 88
VI WARNING: __vblank_interrupt outside of vblank period: 230
VI WARNING: __vblank_interrupt outside of vblank period: 374
VI WARNING: __vblank_interrupt outside of vblank period: 586
VI WARNING: __vblank_interrupt outside of vblank period: 332
VI WARNING: __vblank_interrupt outside of vblank period: 80
VI WARNING: __vblank_interrupt outside of vblank period: 456
VI WARNING: __vblank_interrupt outside of vblank period: 202
VI WARNING: __vblank_interrupt outside of vblank period: 276
VI WARNING: __vblank_interrupt outside of vblank period: 242
VI WARNING: __vblank_interrupt outside of vblank period: 204
VI WARNING: __vblank_interrupt outside of vblank period: 168
VI WARNING: __vblank_interrupt outside of vblank period: 132
M3,512,00180000,rdp,27064.5,412.1,413.0,84736.2,92088.3,5,5,0,0
M3,512,00180000,sp_rd2k,36912.5,562.8,563.2,0,0,0,0,4337,240.63
VI WARNING: __vblank_interrupt outside of vblank period: 432
VI WARNING: __vblank_interrupt outside of vblank period: 576
VI WARNING: __vblank_interrupt outside of vblank period: 94
VI WARNING: __vblank_interrupt outside of vblank period: 236
VI WARNING: __vblank_interrupt outside of vblank period: 382
VI WARNING: __vblank_interrupt outside of vblank period: 592
VI WARNING: __vblank_interrupt outside of vblank period: 340
VI WARNING: __vblank_interrupt outside of vblank period: 88
VI WARNING: __vblank_interrupt outside of vblank period: 462
VI WARNING: __vblank_interrupt outside of vblank period: 210
VI WARNING: __vblank_interrupt outside of vblank period: 282
VI WARNING: __vblank_interrupt outside of vblank period: 246
VI WARNING: __vblank_interrupt outside of vblank period: 208
VI WARNING: __vblank_interrupt outside of vblank period: 170
VI WARNING: __vblank_interrupt outside of vblank period: 134
M3,768,001c0000,rdp,27059.8,412.1,412.9,84736.6,92088.5,5,5,0,0
M3,768,001c0000,sp_rd2k,36909.5,563.0,563.2,0,0,0,0,4336,240.61
VI WARNING: __vblank_interrupt outside of vblank period: 436
VI WARNING: __vblank_interrupt outside of vblank period: 580
VI WARNING: __vblank_interrupt outside of vblank period: 100
VI WARNING: __vblank_interrupt outside of vblank period: 240
VI WARNING: __vblank_interrupt outside of vblank period: 386
VI WARNING: __vblank_interrupt outside of vblank period: 310
VI WARNING: __vblank_interrupt outside of vblank period: 418
VI WARNING: __vblank_interrupt outside of vblank period: 526
VI WARNING: __vblank_interrupt outside of vblank period: 112
VI WARNING: __vblank_interrupt outside of vblank period: 422
VI WARNING: __vblank_interrupt outside of vblank period: 606
VI WARNING: __vblank_interrupt outside of vblank period: 38
VI WARNING: __vblank_interrupt outside of vblank period: 222
VI WARNING: __vblank_interrupt outside of vblank period: 408
VI WARNING: __vblank_interrupt outside of vblank period: 592
VI WARNING: __vblank_interrupt outside of vblank period: 12
M3,1280,00240000,rdp,37986.1,579.4,579.6,84732.8,103572.6,5,5,0,0
M3,1280,00240000,sp_rd2k,43945.0,670.4,670.5,0,0,0,0,3766,175.52
VI WARNING: __vblank_interrupt outside of vblank period: 316
VI WARNING: __vblank_interrupt outside of vblank period: 460
VI WARNING: __vblank_interrupt outside of vblank period: 606
VI WARNING: __vblank_interrupt outside of vblank period: 24
VI WARNING: __vblank_interrupt outside of vblank period: 124
VI WARNING: __vblank_interrupt outside of vblank period: 266
VI WARNING: __vblank_interrupt outside of vblank period: 192
VI WARNING: __vblank_interrupt outside of vblank period: 300
VI WARNING: __vblank_interrupt outside of vblank period: 408
VI WARNING: __vblank_interrupt outside of vblank period: 516
VI WARNING: __vblank_interrupt outside of vblank period: 620
VI WARNING: __vblank_interrupt outside of vblank period: 40
VI WARNING: __vblank_interrupt outside of vblank period: 304
VI WARNING: __vblank_interrupt outside of vblank period: 490
VI WARNING: __vblank_interrupt outside of vblank period: 48
VI WARNING: __vblank_interrupt outside of vblank period: 234
VI WARNING: __vblank_interrupt outside of vblank period: 418
M3,1536,00280000,rdp,37993.4,579.6,579.7,84741.2,103583.7,5,5,0,0
M3,1536,00280000,sp_rd2k,43954.9,670.4,670.7,0,0,0,0,3770,175.66
VI WARNING: __vblank_interrupt outside of vblank period: 94
VI WARNING: __vblank_interrupt outside of vblank period: 234
VI WARNING: __vblank_interrupt outside of vblank period: 380
VI WARNING: __vblank_interrupt outside of vblank period: 524
VI WARNING: __vblank_interrupt outside of vblank period: 44
VI WARNING: __vblank_interrupt outside of vblank period: 594
VI WARNING: __vblank_interrupt outside of vblank period: 72
VI WARNING: __vblank_interrupt outside of vblank period: 180
VI WARNING: __vblank_interrupt outside of vblank period: 290
VI WARNING: __vblank_interrupt outside of vblank period: 398
VI WARNING: __vblank_interrupt outside of vblank period: 82
VI WARNING: __vblank_interrupt outside of vblank period: 264
VI WARNING: __vblank_interrupt outside of vblank period: 450
VI WARNING: __vblank_interrupt outside of vblank period: 146
M3,1792,002c0000,rdp,37988.8,579.5,579.7,84721.4,103600.1,5,5,0,0
M3,1792,002c0000,sp_rd2k,43946.6,670.3,670.6,0,0,0,0,3771,175.74
VI WARNING: __vblank_interrupt outside of vblank period: 448
VI WARNING: __vblank_interrupt outside of vblank period: 592
VI WARNING: __vblank_interrupt outside of vblank period: 12
VI WARNING: __vblank_interrupt outside of vblank period: 112
VI WARNING: __vblank_interrupt outside of vblank period: 254
VI WARNING: __vblank_interrupt outside of vblank period: 398
VI WARNING: __vblank_interrupt outside of vblank period: 610
VI WARNING: __vblank_interrupt outside of vblank period: 28
VI WARNING: __vblank_interrupt outside of vblank period: 358
VI WARNING: __vblank_interrupt outside of vblank period: 106
VI WARNING: __vblank_interrupt outside of vblank period: 480
VI WARNING: __vblank_interrupt outside of vblank period: 230
VI WARNING: __vblank_interrupt outside of vblank period: 302
VI WARNING: __vblank_interrupt outside of vblank period: 264
VI WARNING: __vblank_interrupt outside of vblank period: 226
VI WARNING: __vblank_interrupt outside of vblank period: 188
VI WARNING: __vblank_interrupt outside of vblank period: 152
M3,2048,00300000,rdp,27062.0,412.0,412.9,84740.6,92103.3,5,5,0,0
M3,2048,00300000,sp_rd2k,36914.1,562.9,563.3,0,0,0,0,4337,240.63
VI WARNING: __vblank_interrupt outside of vblank period: 454
VI WARNING: __vblank_interrupt outside of vblank period: 598
VI WARNING: __vblank_interrupt outside of vblank period: 16
VI WARNING: __vblank_interrupt outside of vblank period: 118
VI WARNING: __vblank_interrupt outside of vblank period: 260
VI WARNING: __vblank_interrupt outside of vblank period: 404
VI WARNING: __vblank_interrupt outside of vblank period: 614
VI WARNING: __vblank_interrupt outside of vblank period: 34
VI WARNING: __vblank_interrupt outside of vblank period: 362
VI WARNING: __vblank_interrupt outside of vblank period: 112
VI WARNING: __vblank_interrupt outside of vblank period: 486
VI WARNING: __vblank_interrupt outside of vblank period: 234
VI WARNING: __vblank_interrupt outside of vblank period: 306
VI WARNING: __vblank_interrupt outside of vblank period: 270
VI WARNING: __vblank_interrupt outside of vblank period: 234
VI WARNING: __vblank_interrupt outside of vblank period: 196
VI WARNING: __vblank_interrupt outside of vblank period: 156
M3,2560,00380000,rdp,27066.9,412.2,413.0,84736.6,92100.6,5,5,0,0
M3,2560,00380000,sp_rd2k,36894.7,562.8,563.0,0,0,0,0,4333,240.57
VI WARNING: __vblank_interrupt outside of vblank period: 458
VI WARNING: __vblank_interrupt outside of vblank period: 602
VI WARNING: __vblank_interrupt outside of vblank period: 20
VI WARNING: __vblank_interrupt outside of vblank period: 120
VI WARNING: __vblank_interrupt outside of vblank period: 262
VI WARNING: __vblank_interrupt outside of vblank period: 406
VI WARNING: __vblank_interrupt outside of vblank period: 618
VI WARNING: __vblank_interrupt outside of vblank period: 34
VI WARNING: __vblank_interrupt outside of vblank period: 366
VI WARNING: __vblank_interrupt outside of vblank period: 114
VI WARNING: __vblank_interrupt outside of vblank period: 488
VI WARNING: __vblank_interrupt outside of vblank period: 236
VI WARNING: __vblank_interrupt outside of vblank period: 308
VI WARNING: __vblank_interrupt outside of vblank period: 272
VI WARNING: __vblank_interrupt outside of vblank period: 234
VI WARNING: __vblank_interrupt outside of vblank period: 196
VI WARNING: __vblank_interrupt outside of vblank period: 158
M3,3072,00400000,rdp,27065.7,412.0,413.0,84734.3,92099.2,5,5,0,0
M3,3072,00400000,sp_rd2k,36900.4,563.0,563.1,0,0,0,0,4334,240.57
VI WARNING: __vblank_interrupt outside of vblank period: 456
VI WARNING: __vblank_interrupt outside of vblank period: 600
VI WARNING: __vblank_interrupt outside of vblank period: 18
VI WARNING: __vblank_interrupt outside of vblank period: 120
VI WARNING: __vblank_interrupt outside of vblank period: 262
VI WARNING: __vblank_interrupt outside of vblank period: 406
VI WARNING: __vblank_interrupt outside of vblank period: 618
VI WARNING: __vblank_interrupt outside of vblank period: 36
VI WARNING: __vblank_interrupt outside of vblank period: 366
VI WARNING: __vblank_interrupt outside of vblank period: 114
VI WARNING: __vblank_interrupt outside of vblank period: 488
VI WARNING: __vblank_interrupt outside of vblank period: 236
VI WARNING: __vblank_interrupt outside of vblank period: 310
VI WARNING: __vblank_interrupt outside of vblank period: 274
VI WARNING: __vblank_interrupt outside of vblank period: 236
VI WARNING: __vblank_interrupt outside of vblank period: 202
VI WARNING: __vblank_interrupt outside of vblank period: 164
M3,3584,00480000,rdp,27064.1,411.9,413.0,84740.2,92101.6,5,5,0,0
M3,3584,00480000,sp_rd2k,36913.6,563.0,563.3,0,0,0,0,4337,240.63
VI WARNING: __vblank_interrupt outside of vblank period: 466
VI WARNING: __vblank_interrupt outside of vblank period: 610
VI WARNING: __vblank_interrupt outside of vblank period: 30
VI WARNING: __vblank_interrupt outside of vblank period: 130
VI WARNING: __vblank_interrupt outside of vblank period: 272
VI WARNING: __vblank_interrupt outside of vblank period: 416
VI WARNING: __vblank_interrupt outside of vblank period: 374
VI WARNING: __vblank_interrupt outside of vblank period: 122
VI WARNING: __vblank_interrupt outside of vblank period: 496
VI WARNING: __vblank_interrupt outside of vblank period: 244
VI WARNING: __vblank_interrupt outside of vblank period: 316
VI WARNING: __vblank_interrupt outside of vblank period: 280
VI WARNING: __vblank_interrupt outside of vblank period: 242
VI WARNING: __vblank_interrupt outside of vblank period: 204
VI WARNING: __vblank_interrupt outside of vblank period: 168
M3,3840,004c0000,rdp,27066.7,412.1,413.0,84740.0,92088.1,5,5,0,0
M3,3840,004c0000,sp_rd2k,36904.8,562.9,563.1,0,0,0,0,4335,240.60
M3,# done
M5,stride_B,accesses,ticks_min,ns_min,ns_mean
VI WARNING: __vblank_interrupt outside of vblank period: 14
VI WARNING: __vblank_interrupt outside of vblank period: 304
VI WARNING: __vblank_interrupt outside of vblank period: 596
VI WARNING: __vblank_interrupt outside of vblank period: 12
VI WARNING: __vblank_interrupt outside of vblank period: 304
VI WARNING: __vblank_interrupt outside of vblank period: 594
VI WARNING: __vblank_interrupt outside of vblank period: 12
M5,4,65536,1306683,425.4,425.7
VI WARNING: __vblank_interrupt outside of vblank period: 348
VI WARNING: __vblank_interrupt outside of vblank period: 12
VI WARNING: __vblank_interrupt outside of vblank period: 302
VI WARNING: __vblank_interrupt outside of vblank period: 592
VI WARNING: __vblank_interrupt outside of vblank period: 256
M5,8,65536,1305113,424.8,425.6
VI WARNING: __vblank_interrupt outside of vblank period: 592
VI WARNING: __vblank_interrupt outside of vblank period: 254
VI WARNING: __vblank_interrupt outside of vblank period: 546
VI WARNING: __vblank_interrupt outside of vblank period: 208
VI WARNING: __vblank_interrupt outside of vblank period: 496
M5,16,65536,1304785,424.7,425.7
VI WARNING: __vblank_interrupt outside of vblank period: 202
VI WARNING: __vblank_interrupt outside of vblank period: 496
VI WARNING: __vblank_interrupt outside of vblank period: 158
VI WARNING: __vblank_interrupt outside of vblank period: 450
VI WARNING: __vblank_interrupt outside of vblank period: 112
M5,32,65536,1305978,425.1,425.7
VI WARNING: __vblank_interrupt outside of vblank period: 450
VI WARNING: __vblank_interrupt outside of vblank period: 118
VI WARNING: __vblank_interrupt outside of vblank period: 410
VI WARNING: __vblank_interrupt outside of vblank period: 76
VI WARNING: __vblank_interrupt outside of vblank period: 368
M5,64,65536,1309682,426.3,427.2
VI WARNING: __vblank_interrupt outside of vblank period: 82
VI WARNING: __vblank_interrupt outside of vblank period: 382
VI WARNING: __vblank_interrupt outside of vblank period: 50
VI WARNING: __vblank_interrupt outside of vblank period: 350
VI WARNING: __vblank_interrupt outside of vblank period: 20
M5,128,65536,1317184,428.8,429.5
VI WARNING: __vblank_interrupt outside of vblank period: 370
VI WARNING: __vblank_interrupt outside of vblank period: 50
VI WARNING: __vblank_interrupt outside of vblank period: 358
VI WARNING: __vblank_interrupt outside of vblank period: 38
VI WARNING: __vblank_interrupt outside of vblank period: 344
M5,256,65536,1329290,432.7,433.5
VI WARNING: __vblank_interrupt outside of vblank period: 86
VI WARNING: __vblank_interrupt outside of vblank period: 412
VI WARNING: __vblank_interrupt outside of vblank period: 112
VI WARNING: __vblank_interrupt outside of vblank period: 436
VI WARNING: __vblank_interrupt outside of vblank period: 134
M5,512,65536,1357865,442.0,442.5
VI WARNING: __vblank_interrupt outside of vblank period: 552
VI WARNING: __vblank_interrupt outside of vblank period: 300
VI WARNING: __vblank_interrupt outside of vblank period: 46
VI WARNING: __vblank_interrupt outside of vblank period: 422
VI WARNING: __vblank_interrupt outside of vblank period: 170
M5,1024,65536,1432215,466.2,466.8
VI WARNING: __vblank_interrupt outside of vblank period: 48
VI WARNING: __vblank_interrupt outside of vblank period: 514
VI WARNING: __vblank_interrupt outside of vblank period: 350
VI WARNING: __vblank_interrupt outside of vblank period: 188
VI WARNING: __vblank_interrupt outside of vblank period: 24
M5,2048,65536,1565249,509.5,510.0
VI WARNING: __vblank_interrupt outside of vblank period: 534
VI WARNING: __vblank_interrupt outside of vblank period: 372
VI WARNING: __vblank_interrupt outside of vblank period: 210
VI WARNING: __vblank_interrupt outside of vblank period: 46
VI WARNING: __vblank_interrupt outside of vblank period: 510
M5,4096,65536,1567195,510.2,510.7
VI WARNING: __vblank_interrupt outside of vblank period: 394
VI WARNING: __vblank_interrupt outside of vblank period: 234
VI WARNING: __vblank_interrupt outside of vblank period: 74
VI WARNING: __vblank_interrupt outside of vblank period: 544
VI WARNING: __vblank_interrupt outside of vblank period: 380
M5,8192,65536,1570396,511.2,511.5
VI WARNING: __vblank_interrupt outside of vblank period: 270
VI WARNING: __vblank_interrupt outside of vblank period: 112
VI WARNING: __vblank_interrupt outside of vblank period: 586
VI WARNING: __vblank_interrupt outside of vblank period: 432
VI WARNING: __vblank_interrupt outside of vblank period: 274
M5,16384,65536,1576292,513.1,513.6
VI WARNING: __vblank_interrupt outside of vblank period: 170
VI WARNING: __vblank_interrupt outside of vblank period: 24
VI WARNING: __vblank_interrupt outside of vblank period: 504
VI WARNING: __vblank_interrupt outside of vblank period: 354
VI WARNING: __vblank_interrupt outside of vblank period: 206
M5,32768,65536,1590397,517.7,518.1
M5,# done
M7,kind,cell,units,bytes_per_pass,win_us,cpu_ns_min,cpu_ns_mean,sp_dmas,sp_MBps,rdp_alone_us,rdp_us_mean,tmem_us_mean,rdp_MBps_alone,rdp_started,rdp_busy_after
VI WARNING: __vblank_interrupt outside of vblank period: 534
VI WARNING: __vblank_interrupt outside of vblank period: 52
VI WARNING: __vblank_interrupt outside of vblank period: 194
VI WARNING: __vblank_interrupt outside of vblank period: 338
VI WARNING: __vblank_interrupt outside of vblank period: 484
M7,fill,alone,112,17203200,25001.0,0.0,0.0,0,0.00,84734.3,84734.3,0.0,203.0,5,5
VI WARNING: __vblank_interrupt outside of vblank period: 118
VI WARNING: __vblank_interrupt outside of vblank period: 492
VI WARNING: __vblank_interrupt outside of vblank period: 240
VI WARNING: __vblank_interrupt outside of vblank period: 614
VI WARNING: __vblank_interrupt outside of vblank period: 32
VI WARNING: __vblank_interrupt outside of vblank period: 362
M7,fill,cpu,112,17203200,27068.1,412.1,413.0,0,0.00,84734.3,92097.2,0.0,203.0,5,5
VI WARNING: __vblank_interrupt outside of vblank period: 212
VI WARNING: __vblank_interrupt outside of vblank period: 98
M7,fill,cr16,112,17203200,7103.7,428.9,433.6,0,0.00,84734.3,86909.7,0.0,203.0,5,5
VI WARNING: __vblank_interrupt outside of vblank period: 200
VI WARNING: __vblank_interrupt outside of vblank period: 566
VI WARNING: __vblank_interrupt outside of vblank period: 300
VI WARNING: __vblank_interrupt outside of vblank period: 40
VI WARNING: __vblank_interrupt outside of vblank period: 408
M7,fill,sp_rd2k,112,17203200,25001.0,0.0,0.0,4650,380.94,84734.3,111330.0,0.0,203.0,5,5
VI WARNING: __vblank_interrupt outside of vblank period: 198
VI WARNING: __vblank_interrupt outside of vblank period: 72
VI WARNING: __vblank_interrupt outside of vblank period: 568
VI WARNING: __vblank_interrupt outside of vblank period: 436
VI WARNING: __vblank_interrupt outside of vblank period: 306
M7,fill,sp_rd64,112,17203200,25000.9,0.0,0.0,57221,146.48,84734.3,95506.3,0.0,203.0,5,5
VI WARNING: __vblank_interrupt outside of vblank period: 232
VI WARNING: __vblank_interrupt outside of vblank period: 314
VI WARNING: __vblank_interrupt outside of vblank period: 398
VI WARNING: __vblank_interrupt outside of vblank period: 482
VI WARNING: __vblank_interrupt outside of vblank period: 566
M7,load,alone,2605,10670080,25000.7,0.0,0.0,0,0.00,82795.1,82795.1,79675.2,128.9,5,5
VI WARNING: __vblank_interrupt outside of vblank period: 296
VI WARNING: __vblank_interrupt outside of vblank period: 420
VI WARNING: __vblank_interrupt outside of vblank period: 548
VI WARNING: __vblank_interrupt outside of vblank period: 50
VI WARNING: __vblank_interrupt outside of vblank period: 174
M7,load,cpu,2605,10670080,31475.6,479.8,480.3,0,0.00,82795.1,84166.6,80943.1,128.9,5,5
VI WARNING: __vblank_interrupt outside of vblank period: 116
M7,load,cr16,2605,10670080,7899.1,480.2,482.1,0,0.00,82795.1,83345.3,80147.9,128.9,5,5
VI WARNING: __vblank_interrupt outside of vblank period: 358
VI WARNING: __vblank_interrupt outside of vblank period: 42
VI WARNING: __vblank_interrupt outside of vblank period: 352
VI WARNING: __vblank_interrupt outside of vblank period: 36
VI WARNING: __vblank_interrupt outside of vblank period: 346
M7,load,sp_rd2k,2605,10670080,25000.9,0.0,0.0,4653,381.23,82795.1,109550.8,79904.6,128.9,5,5
VI WARNING: __vblank_interrupt outside of vblank period: 98
VI WARNING: __vblank_interrupt outside of vblank period: 286
VI WARNING: __vblank_interrupt outside of vblank period: 480
VI WARNING: __vblank_interrupt outside of vblank period: 48
VI WARNING: __vblank_interrupt outside of vblank period: 236
M7,load,sp_rd64,2605,10670080,25001.1,0.0,0.0,56214,143.90,82795.1,85749.9,82538.3,128.9,5,5
VI WARNING: __vblank_interrupt outside of vblank period: 470
VI WARNING: __vblank_interrupt outside of vblank period: 452
VI WARNING: __vblank_interrupt outside of vblank period: 438
VI WARNING: __vblank_interrupt outside of vblank period: 422
VI WARNING: __vblank_interrupt outside of vblank period: 406
M7,rectz,alone,17,7987200,25000.9,0.0,0.0,0,0.00,79631.4,79631.4,30.9,100.3,5,5
VI WARNING: __vblank_interrupt outside of vblank period: 574
VI WARNING: __vblank_interrupt outside of vblank period: 150
VI WARNING: __vblank_interrupt outside of vblank period: 358
VI WARNING: __vblank_interrupt outside of vblank period: 566
VI WARNING: __vblank_interrupt outside of vblank period: 144
M7,rectz,cpu,17,7987200,29051.1,442.3,443.3,0,0.00,79631.4,86712.5,32.4,100.3,5,5
VI WARNING: __vblank_interrupt outside of vblank period: 48
VI WARNING: __vblank_interrupt outside of vblank period: 138
M7,rectz,cr16,17,7987200,7558.5,457.4,461.3,0,0.00,79631.4,81616.9,32.2,100.3,5,5
VI WARNING: __vblank_interrupt outside of vblank period: 180
VI WARNING: __vblank_interrupt outside of vblank period: 394
VI WARNING: __vblank_interrupt outside of vblank period: 604
VI WARNING: __vblank_interrupt outside of vblank period: 24
VI WARNING: __vblank_interrupt outside of vblank period: 234
VI WARNING: __vblank_interrupt outside of vblank period: 448
M7,rectz,sp_rd2k,17,7987200,25001.0,0.0,0.0,4648,380.75,79631.4,106725.3,31.0,100.3,5,5
VI WARNING: __vblank_interrupt outside of vblank period: 86
VI WARNING: __vblank_interrupt outside of vblank period: 326
VI WARNING: __vblank_interrupt outside of vblank period: 574
VI WARNING: __vblank_interrupt outside of vblank period: 192
VI WARNING: __vblank_interrupt outside of vblank period: 436
M7,rectz,sp_rd64,17,7987200,25000.8,0.0,0.0,57503,147.20,79631.4,87435.1,34.7,100.3,5,5
M7,# done
M8,kind,cell,units,win_us,cpu_ns_min,cpu_ns_mean,rdp_alone_us,rdp_us_mean,tmem_us_mean,us_per_4k,MBps_alone,tmem_frac,rdp_started,rdp_busy_after
VI WARNING: __vblank_interrupt outside of vblank period: 192
VI WARNING: __vblank_interrupt outside of vblank period: 274
VI WARNING: __vblank_interrupt outside of vblank period: 358
VI WARNING: __vblank_interrupt outside of vblank period: 440
VI WARNING: __vblank_interrupt outside of vblank period: 524
VI WARNING: __vblank_interrupt outside of vblank period: 202
VI WARNING: __vblank_interrupt outside of vblank period: 328
VI WARNING: __vblank_interrupt outside of vblank period: 454
VI WARNING: __vblank_interrupt outside of vblank period: 582
VI WARNING: __vblank_interrupt outside of vblank period: 84
M8,load,alone,2605,25000.7,0,0,82792.5,82792.5,79692.2,31.78,128.9,0.963,5,5
M8,load,cpu,2605,31479.9,479.7,480.3,82792.5,84166.8,80930.3,31.78,128.9,0.963,5,5
VI WARNING: __vblank_interrupt outside of vblank period: 130
VI WARNING: __vblank_interrupt outside of vblank period: 198
VI WARNING: __vblank_interrupt outside of vblank period: 270
VI WARNING: __vblank_interrupt outside of vblank period: 344
VI WARNING: __vblank_interrupt outside of vblank period: 416
VI WARNING: __vblank_interrupt outside of vblank period: 114
VI WARNING: __vblank_interrupt outside of vblank period: 226
VI WARNING: __vblank_interrupt outside of vblank period: 338
VI WARNING: __vblank_interrupt outside of vblank period: 452
M8,loadblk,alone,2828,25000.7,0,0,82418.6,82418.6,80509.4,29.14,140.5,0.977,5,5
M8,loadblk,cpu,2828,28841.3,439.4,440.1,82418.6,83732.5,81681.6,29.14,140.5,0.977,5,5
VI WARNING: __vblank_interrupt outside of vblank period: 566
VI WARNING: __vblank_interrupt outside of vblank period: 24
VI WARNING: __vblank_interrupt outside of vblank period: 110
VI WARNING: __vblank_interrupt outside of vblank period: 192
VI WARNING: __vblank_interrupt outside of vblank period: 278
VI WARNING: __vblank_interrupt outside of vblank period: 584
VI WARNING: __vblank_interrupt outside of vblank period: 86
VI WARNING: __vblank_interrupt outside of vblank period: 212
VI WARNING: __vblank_interrupt outside of vblank period: 340
VI WARNING: __vblank_interrupt outside of vblank period: 466
M8,load32,alone,2606,25000.7,0,0,82825.9,82825.9,79728.7,31.78,128.9,0.963,5,5
M8,load32,cpu,2606,31469.8,479.7,480.2,82825.9,84206.4,80971.8,31.78,128.9,0.963,5,5
VI WARNING: __vblank_interrupt outside of vblank period: 510
VI WARNING: __vblank_interrupt outside of vblank period: 546
VI WARNING: __vblank_interrupt outside of vblank period: 584
VI WARNING: __vblank_interrupt outside of vblank period: 620
VI WARNING: __vblank_interrupt outside of vblank period: 36
VI WARNING: __vblank_interrupt outside of vblank period: 30
VI WARNING: __vblank_interrupt outside of vblank period: 370
VI WARNING: __vblank_interrupt outside of vblank period: 452
VI WARNING: __vblank_interrupt outside of vblank period: 536
VI WARNING: __vblank_interrupt outside of vblank period: 622
VI WARNING: __vblank_interrupt outside of vblank period: 38
VI WARNING: __vblank_interrupt outside of vblank period: 78
M8,loadi8,alone,2320,25000.7,0,0,81285.4,81285.4,77369.8,35.04,116.9,0.952,5,5
M8,loadi8,cpu,2320,34225.2,522.0,522.2,81285.4,82797.3,78775.7,35.04,116.9,0.952,5,5
VI WARNING: __vblank_interrupt outside of vblank period: 614
VI WARNING: __vblank_interrupt outside of vblank period: 30
VI WARNING: __vblank_interrupt outside of vblank period: 76
VI WARNING: __vblank_interrupt outside of vblank period: 164
VI WARNING: __vblank_interrupt outside of vblank period: 252
VI WARNING: __vblank_interrupt outside of vblank period: 340
VI WARNING: __vblank_interrupt outside of vblank period: 622
VI WARNING: __vblank_interrupt outside of vblank period: 42
VI WARNING: __vblank_interrupt outside of vblank period: 120
VI WARNING: __vblank_interrupt outside of vblank period: 246
VI WARNING: __vblank_interrupt outside of vblank period: 370
VI WARNING: __vblank_interrupt outside of vblank period: 496
M8,loadnarrow,alone,1366,25000.7,0,0,82943.1,82943.1,11190.3,60.72,67.5,0.135,5,5
M8,loadnarrow,cpu,1366,30866.2,470.3,471.0,82943.1,84116.6,11190.3,60.72,67.5,0.135,5,5
VI WARNING: __vblank_interrupt outside of vblank period: 558
VI WARNING: __vblank_interrupt outside of vblank period: 90
VI WARNING: __vblank_interrupt outside of vblank period: 168
VI WARNING: __vblank_interrupt outside of vblank period: 244
VI WARNING: __vblank_interrupt outside of vblank period: 486
VI WARNING: __vblank_interrupt outside of vblank period: 600
VI WARNING: __vblank_interrupt outside of vblank period: 16
VI WARNING: __vblank_interrupt outside of vblank period: 86
VI WARNING: __vblank_interrupt outside of vblank period: 196
VI WARNING: __vblank_interrupt outside of vblank period: 310
M8,loadwide,alone,2776,25000.7,0,0,82622.8,82622.8,80473.1,29.76,137.6,0.974,5,5
M8,loadwide,cpu,2776,29554.8,450.2,451.0,82622.8,83731.3,81421.8,29.76,137.6,0.974,5,5
M8,# done
M6,mode,fb_phys,fb_bytes,client,cpu_ns_min,cpu_ns_mean,rdp_alone_us
VI WARNING: __vblank_interrupt outside of vblank period: 436
VI WARNING: __vblank_interrupt outside of vblank period: 12
VI WARNING: __vblank_interrupt outside of vblank period: 216
VI WARNING: __vblank_interrupt outside of vblank period: 420
VI WARNING: __vblank_interrupt outside of vblank period: 624
VI WARNING: __vblank_interrupt outside of vblank period: 42
M6,320x240x16,000ce8c0,153600,u32r,383.3,383.6,0
VI WARNING: __vblank_interrupt outside of vblank period: 334
VI WARNING: __vblank_interrupt outside of vblank period: 164
VI WARNING: __vblank_interrupt outside of vblank period: 410
M6,320x240x16,000ce8c0,153600,u64r,401.6,402.6,0
VI WARNING: __vblank_interrupt outside of vblank period: 262
VI WARNING: __vblank_interrupt outside of vblank period: 72
VI WARNING: __vblank_interrupt outside of vblank period: 278
VI WARNING: __vblank_interrupt outside of vblank period: 86
M6,320x240x16,000ce8c0,153600,u32w,191.0,191.5,0
VI WARNING: __vblank_interrupt outside of vblank period: 74
VI WARNING: __vblank_interrupt outside of vblank period: 22
M6,320x240x16,000ce8c0,153600,cr16,421.9,427.1,0
VI WARNING: __vblank_interrupt outside of vblank period: 534
VI WARNING: __vblank_interrupt outside of vblank period: 52
VI WARNING: __vblank_interrupt outside of vblank period: 192
VI WARNING: __vblank_interrupt outside of vblank period: 336
VI WARNING: __vblank_interrupt outside of vblank period: 482
M6,320x240x16,000ce8c0,153600,rdp_fill,0,0,84732.0
VI WARNING: __vblank_interrupt outside of vblank period: 116
VI WARNING: __vblank_interrupt outside of vblank period: 374
VI WARNING: __vblank_interrupt outside of vblank period: 214
VI WARNING: __vblank_interrupt outside of vblank period: 472
M6,320x240x32,00540040,307200,u32r,405.8,407.9,0
VI WARNING: __vblank_interrupt outside of vblank period: 376
VI WARNING: __vblank_interrupt outside of vblank period: 232
VI WARNING: __vblank_interrupt outside of vblank period: 88
VI WARNING: __vblank_interrupt outside of vblank period: 382
M6,320x240x32,00540040,307200,u64r,425.8,427.1,0
VI WARNING: __vblank_interrupt outside of vblank period: 268
VI WARNING: __vblank_interrupt outside of vblank period: 110
VI WARNING: __vblank_interrupt outside of vblank period: 386
VI WARNING: __vblank_interrupt outside of vblank period: 228
M6,320x240x32,00540040,307200,u32w,206.7,207.7,0
VI WARNING: __vblank_interrupt outside of vblank period: 160
M6,320x240x32,00540040,307200,cr16,439.2,447.6,0
VI WARNING: __vblank_interrupt outside of vblank period: 62
VI WARNING: __vblank_interrupt outside of vblank period: 436
VI WARNING: __vblank_interrupt outside of vblank period: 186
VI WARNING: __vblank_interrupt outside of vblank period: 566
VI WARNING: __vblank_interrupt outside of vblank period: 314
M6,320x240x32,00540040,307200,rdp_fill,0,0,92201.5
VI WARNING: __vblank_interrupt outside of vblank period: 118
VI WARNING: __vblank_interrupt outside of vblank period: 374
VI WARNING: __vblank_interrupt outside of vblank period: 210
VI WARNING: __vblank_interrupt outside of vblank period: 468
M6,640x480x16,00540040,614400,u32r,405.3,407.3,0
VI WARNING: __vblank_interrupt outside of vblank period: 370
VI WARNING: __vblank_interrupt outside of vblank period: 228
VI WARNING: __vblank_interrupt outside of vblank period: 80
VI WARNING: __vblank_interrupt outside of vblank period: 378
M6,640x480x16,00540040,614400,u64r,425.4,426.7,0
VI WARNING: __vblank_interrupt outside of vblank period: 268
VI WARNING: __vblank_interrupt outside of vblank period: 112
VI WARNING: __vblank_interrupt outside of vblank period: 386
VI WARNING: __vblank_interrupt outside of vblank period: 232
M6,640x480x16,00540040,614400,u32w,206.5,207.6,0
VI WARNING: __vblank_interrupt outside of vblank period: 166
M6,640x480x16,00540040,614400,cr16,438.8,447.7,0
VI WARNING: __vblank_interrupt outside of vblank period: 70
VI WARNING: __vblank_interrupt outside of vblank period: 446
VI WARNING: __vblank_interrupt outside of vblank period: 198
VI WARNING: __vblank_interrupt outside of vblank period: 584
VI WARNING: __vblank_interrupt outside of vblank period: 338
M6,640x480x16,00540040,614400,rdp_fill,0,0,92198.4
VI WARNING: __vblank_interrupt outside of vblank period: 44
VI WARNING: __vblank_interrupt outside of vblank period: 448
VI WARNING: __vblank_interrupt outside of vblank period: 210
VI WARNING: __vblank_interrupt outside of vblank period: 616
VI WARNING: __vblank_interrupt outside of vblank period: 36
VI WARNING: __vblank_interrupt outside of vblank period: 442
M6,640x480x32,00540040,1228800,u32r,472.7,477.9,0
VI WARNING: __vblank_interrupt outside of vblank period: 420
VI WARNING: __vblank_interrupt outside of vblank period: 350
VI WARNING: __vblank_interrupt outside of vblank period: 282
VI WARNING: __vblank_interrupt outside of vblank period: 210
VI WARNING: __vblank_interrupt outside of vblank period: 142
M6,640x480x32,00540040,1228800,u64r,498.2,498.7,0
VI WARNING: __vblank_interrupt outside of vblank period: 142
VI WARNING: __vblank_interrupt outside of vblank period: 96
VI WARNING: __vblank_interrupt outside of vblank period: 46
VI WARNING: __vblank_interrupt outside of vblank period: 16
M6,640x480x32,00540040,1228800,u32w,259.8,264.4,0
VI WARNING: __vblank_interrupt outside of vblank period: 92
VI WARNING: __vblank_interrupt outside of vblank period: 186
M6,640x480x32,00540040,1228800,cr16,546.2,575.5,0
VI WARNING: __vblank_interrupt outside of vblank period: 164
VI WARNING: __vblank_interrupt outside of vblank period: 560
VI WARNING: __vblank_interrupt outside of vblank period: 324
VI WARNING: __vblank_interrupt outside of vblank period: 110
VI WARNING: __vblank_interrupt outside of vblank period: 500
M6,640x480x32,00540040,1228800,rdp_fill,0,0,112632.7
M6,# done
M6b,fb_phys,client,cpu_ns_min,cpu_ns_mean,rdp_alone_us,vi_origin_after
VI WARNING: __vblank_interrupt outside of vblank period: 624
VI WARNING: __vblank_interrupt outside of vblank period: 38
VI WARNING: __vblank_interrupt outside of vblank period: 220
VI WARNING: __vblank_interrupt outside of vblank period: 402
VI WARNING: __vblank_interrupt outside of vblank period: 584
VI WARNING: __vblank_interrupt outside of vblank period: 140
M6b,00100000,u32r,373.1,373.6,0,00100000
VI WARNING: __vblank_interrupt outside of vblank period: 184
M6b,00100000,u64r,392.5,392.9,0,00100000
VI WARNING: __vblank_interrupt outside of vblank period: 204
VI WARNING: __vblank_interrupt outside of vblank period: 378
VI WARNING: __vblank_interrupt outside of vblank period: 174
M6b,00100000,u32w,184.3,184.7,0,00100000
VI WARNING: __vblank_interrupt outside of vblank period: 160
VI WARNING: __vblank_interrupt outside of vblank period: 90
M6b,00100000,cr16,412.6,414.7,0,00100000
VI WARNING: __vblank_interrupt outside of vblank period: 334
VI WARNING: __vblank_interrupt outside of vblank period: 390
VI WARNING: __vblank_interrupt outside of vblank period: 446
VI WARNING: __vblank_interrupt outside of vblank period: 502
VI WARNING: __vblank_interrupt outside of vblank period: 558
M6b,00100000,rdp_fill,0,0,81913.4,00100000
VI WARNING: __vblank_interrupt outside of vblank period: 20
VI WARNING: __vblank_interrupt outside of vblank period: 212
VI WARNING: __vblank_interrupt outside of vblank period: 406
VI WARNING: __vblank_interrupt outside of vblank period: 600
VI WARNING: __vblank_interrupt outside of vblank period: 16
VI WARNING: __vblank_interrupt outside of vblank period: 208
M6b,00280000,u32r,378.5,378.9,0,00280000
VI WARNING: __vblank_interrupt outside of vblank period: 76
VI WARNING: __vblank_interrupt outside of vblank period: 318
VI WARNING: __vblank_interrupt outside of vblank period: 144
M6b,00280000,u64r,400.8,401.9,0,00280000
VI WARNING: __vblank_interrupt outside of vblank period: 158
VI WARNING: __vblank_interrupt outside of vblank period: 344
VI WARNING: __vblank_interrupt outside of vblank period: 144
M6b,00280000,u32w,186.8,187.2,0,00280000
VI WARNING: __vblank_interrupt outside of vblank period: 122
VI WARNING: __vblank_interrupt outside of vblank period: 56
M6b,00280000,cr16,416.6,419.6,0,00280000
VI WARNING: __vblank_interrupt outside of vblank period: 562
VI WARNING: __vblank_interrupt outside of vblank period: 618
VI WARNING: __vblank_interrupt outside of vblank period: 34
VI WARNING: __vblank_interrupt outside of vblank period: 48
VI WARNING: __vblank_interrupt outside of vblank period: 104
VI WARNING: __vblank_interrupt outside of vblank period: 160
M6b,00280000,rdp_fill,0,0,81911.1,00280000
M6b,# done
M4,cell,cpu_ns_min,cpu_ns_mean,rdp_us_min,rdp_started,rdp_busy_after
VI WARNING: __vblank_interrupt outside of vblank period: 94
VI WARNING: __vblank_interrupt outside of vblank period: 300
VI WARNING: __vblank_interrupt outside of vblank period: 506
VI WARNING: __vblank_interrupt outside of vblank period: 80
VI WARNING: __vblank_interrupt outside of vblank period: 284
M4,cpu_rspq_idle,377.9,382.2,0.0,0,0
VI WARNING: __vblank_interrupt outside of vblank period: 532
VI WARNING: __vblank_interrupt outside of vblank period: 54
VI WARNING: __vblank_interrupt outside of vblank period: 202
VI WARNING: __vblank_interrupt outside of vblank period: 352
VI WARNING: __vblank_interrupt outside of vblank period: 502
M4,rspq_fill_alone,0.0,0.0,84757.9,5,5
VI WARNING: __vblank_interrupt outside of vblank period: 136
VI WARNING: __vblank_interrupt outside of vblank period: 516
VI WARNING: __vblank_interrupt outside of vblank period: 270
VI WARNING: __vblank_interrupt outside of vblank period: 24
VI WARNING: __vblank_interrupt outside of vblank period: 404
M4,cpu+rspq_fill,412.1,413.0,92154.7,5,5
M4,# done
[Debug]: Stopped
