flash: uploading membench.z64 (208K) ...
Uploading ROM [membench.z64]... done
Save type set to [None]
Boot mode set to [Bootloader -> ROM]
flash: attached for 200s -- debugf() output follows.
[Debug]: Started
WARNING: Allocations beyond 4 MiB: this ROM requires the expansion pak to work properly.
WARNING: Call assert_memory_expanded() or is_memory_expanded() in main to disable this warning.
MB,# MemBench: tv=PAL mem=8 MiB ticks/s=46875000 buf=256 KiB runs=5 arena=00100000 cpu_buf=00200000 rdp_target=00300000 sp_region=00400000
MB,# fill pass: 8 units 5706.3 us -> 112 units (713.28 us per unit, 215 MB/s)
MB,# load pass: 256 units 7859.9 us -> 2605 units (30.70 us per unit, 133 MB/s)
MB,# rectz pass: 8 units 36389.8 us -> 17 units (4548.72 us per unit, 106 MB/s)
MB,# loadblk pass: 256 units 7245.1 us -> 2826 units (28.30 us per unit, 145 MB/s)
MB,# load32 pass: 256 units 7862.8 us -> 2604 units (30.71 us per unit, 133 MB/s)
MB,# loadi8 pass: 256 units 8825.0 us -> 2320 units (34.47 us per unit, 119 MB/s)
MB,# loadnarrow pass: 256 units 14986.1 us -> 1366 units (58.54 us per unit, 70 MB/s)
MB,# loadwide pass: 256 units 7380.3 us -> 2774 units (28.83 us per unit, 142 MB/s)
MB,# load48 pass: 256 units 13965.8 us -> 1466 units (54.55 us per unit, 75 MB/s)
MB,# load64r pass: 256 units 8824.5 us -> 2320 units (34.47 us per unit, 119 MB/s)
MB,# load96 pass: 256 units 9661.9 us -> 2119 units (37.74 us per unit, 107 MB/s)
MB,# rectz check: pixel (100,100) reads 1235, texel 1234 -> written
MB,pattern,load,accesses,bytes_per,ticks_min,ticks_mean,ns_min,ns_mean,MBps_min,rdp_alone_us,rdp_us,rdp_started,rdp_busy_after
MB,u32r,vioff,65536,4,1119281,1119322,364.3,364.4,11.0,0.0,0.0,0,0
MB,u64r,vioff,32768,8,590963,591006,384.7,384.8,20.8,0.0,0.0,0,0
MB,u32w,vioff,65536,4,548411,548487,178.5,178.5,22.4,0.0,0.0,0,0
MB,u64w,vioff,32768,8,299357,299385,194.9,194.9,41.0,0.0,0.0,0,0
MB,u32r_s64,vioff,65536,4,1200858,1200898,390.9,390.9,10.2,0.0,0.0,0,0
MB,u32r_s4k,vioff,65536,4,1445650,1445674,470.6,470.6,8.5,0.0,0.0,0,0
MB,cr16,vioff,16384,16,311228,311512,405.2,405.6,39.5,0.0,0.0,0,0
MB,cw16,vioff,16384,32,646740,646918,842.1,842.3,38.0,0.0,0.0,0,0
MB,# fill pass alone (112 layers): VI off 79443.9 us, VI on 84818.4 us
VI WARNING: __vblank_interrupt outside of vblank period: 242
VI WARNING: __vblank_interrupt outside of vblank period: 446
VI WARNING: __vblank_interrupt outside of vblank period: 22
VI WARNING: __vblank_interrupt outside of vblank period: 226
VI WARNING: __vblank_interrupt outside of vblank period: 430
MB,u32r,idle,65536,4,1176971,1178545,383.1,383.6,10.4,0.0,0.0,0,0
VI WARNING: __vblank_interrupt outside of vblank period: 308
VI WARNING: __vblank_interrupt outside of vblank period: 138
VI WARNING: __vblank_interrupt outside of vblank period: 382
VI WARNING: __vblank_interrupt outside of vblank period: 212
MB,u64r,idle,32768,8,616812,617718,401.6,402.2,19.9,0.0,0.0,0,0
VI WARNING: __vblank_interrupt outside of vblank period: 70
VI WARNING: __vblank_interrupt outside of vblank period: 274
VI WARNING: __vblank_interrupt outside of vblank period: 82
MB,u32w,idle,65536,4,586466,589448,190.9,191.9,21.0,0.0,0.0,0,0
VI WARNING: __vblank_interrupt outside of vblank period: 158
MB,u64w,idle,32768,8,316495,319955,206.1,208.3,38.8,0.0,0.0,0,0
VI WARNING: __vblank_interrupt outside of vblank period: 66
VI WARNING: __vblank_interrupt outside of vblank period: 318
VI WARNING: __vblank_interrupt outside of vblank period: 572
VI WARNING: __vblank_interrupt outside of vblank period: 198
VI WARNING: __vblank_interrupt outside of vblank period: 452
MB,u32r_s64,idle,65536,4,1249516,1251730,406.7,407.5,9.8,0.0,0.0,0,0
VI WARNING: __vblank_interrupt outside of vblank period: 298
VI WARNING: __vblank_interrupt outside of vblank period: 98
VI WARNING: __vblank_interrupt outside of vblank period: 526
VI WARNING: __vblank_interrupt outside of vblank period: 326
VI WARNING: __vblank_interrupt outside of vblank period: 128
MB,u32r_s4k,idle,65536,4,1509995,1511116,491.5,491.9,8.1,0.0,0.0,0,0
VI WARNING: __vblank_interrupt outside of vblank period: 122
VI WARNING: __vblank_interrupt outside of vblank period: 64
MB,cr16,idle,16384,16,324094,327417,422.0,426.3,37.9,0.0,0.0,0,0
VI WARNING: __vblank_interrupt outside of vblank period: 290
VI WARNING: __vblank_interrupt outside of vblank period: 200
VI WARNING: __vblank_interrupt outside of vblank period: 112
VI WARNING: __vblank_interrupt outside of vblank period: 28
MB,cw16,idle,16384,32,670668,672307,873.3,875.4,36.6,0.0,0.0,0,0
VI WARNING: __vblank_interrupt outside of vblank period: 210
VI WARNING: __vblank_interrupt outside of vblank period: 584
VI WARNING: __vblank_interrupt outside of vblank period: 332
VI WARNING: __vblank_interrupt outside of vblank period: 82
VI WARNING: __vblank_interrupt outside of vblank period: 458
MB,u32r,rdpfill,65536,4,1266313,1268753,412.2,413.0,9.7,84818.4,92067.1,5,5
VI WARNING: __vblank_interrupt outside of vblank period: 102
VI WARNING: __vblank_interrupt outside of vblank period: 368
VI WARNING: __vblank_interrupt outside of vblank period: 270
MB,u64r,rdpfill,32768,8,637815,639393,415.2,416.3,19.3,84818.4,88520.0,5,5
VI WARNING: __vblank_interrupt outside of vblank period: 208
VI WARNING: __vblank_interrupt outside of vblank period: 408
VI WARNING: __vblank_interrupt outside of vblank period: 608
VI WARNING: __vblank_interrupt outside of vblank period: 24
VI WARNING: __vblank_interrupt outside of vblank period: 180
VI WARNING: __vblank_interrupt outside of vblank period: 380
MB,u32w,rdpfill,65536,4,1011484,1011821,329.3,329.4,12.1,84818.4,86442.4,5,5
VI WARNING: __vblank_interrupt outside of vblank period: 292
VI WARNING: __vblank_interrupt outside of vblank period: 14
VI WARNING: __vblank_interrupt outside of vblank period: 190
MB,u64w,rdpfill,32768,8,503367,505758,327.7,329.3,24.4,84818.4,85624.3,5,5
VI WARNING: __vblank_interrupt outside of vblank period: 472
VI WARNING: __vblank_interrupt outside of vblank period: 224
VI WARNING: __vblank_interrupt outside of vblank period: 600
VI WARNING: __vblank_interrupt outside of vblank period: 18
VI WARNING: __vblank_interrupt outside of vblank period: 350
VI WARNING: __vblank_interrupt outside of vblank period: 98
MB,u32r_s64,rdpfill,65536,4,1269679,1272401,413.3,414.2,9.7,84818.4,92086.0,5,5
VI WARNING: __vblank_interrupt outside of vblank period: 72
VI WARNING: __vblank_interrupt outside of vblank period: 622
VI WARNING: __vblank_interrupt outside of vblank period: 40
VI WARNING: __vblank_interrupt outside of vblank period: 548
VI WARNING: __vblank_interrupt outside of vblank period: 472
VI WARNING: __vblank_interrupt outside of vblank period: 396
MB,u32r_s4k,rdpfill,65536,4,1531744,1534446,498.6,499.5,8.0,84818.4,97697.4,5,5
VI WARNING: __vblank_interrupt outside of vblank period: 130
VI WARNING: __vblank_interrupt outside of vblank period: 18
MB,cr16,rdpfill,16384,16,329554,332817,429.1,433.4,37.3,84818.4,86896.7,5,5
VI WARNING: __vblank_interrupt outside of vblank period: 380
VI WARNING: __vblank_interrupt outside of vblank period: 124
VI WARNING: __vblank_interrupt outside of vblank period: 498
VI WARNING: __vblank_interrupt outside of vblank period: 242
MB,cw16,rdpfill,16384,32,791467,792689,1030.6,1032.1,31.1,84818.4,90546.7,5,5
MB,# done
M2,cell,cpu,rdp,sp,pi,runs,win_us,cpu_n,cpu_ticks_min,cpu_ns_min,cpu_ns_mean,sp_dmas,sp_MBps,rdp_alone_us,rdp_us_min,rdp_us_mean,rdp_started,rdp_busy_after,rdp_timeout,pi_us_mean,pi_MBps,pi_busy_after
VI WARNING: __vblank_interrupt outside of vblank period: 342
VI WARNING: __vblank_interrupt outside of vblank period: 560
VI WARNING: __vblank_interrupt outside of vblank period: 152
VI WARNING: __vblank_interrupt outside of vblank period: 370
VI WARNING: __vblank_interrupt outside of vblank period: 584
M2,sp_rd64,-,0,rd64,0,5,25000.7,0,1171905,0.0,0.0,52372,134.07,0.0,0.0,0.0,0,0,0,0.0,0.00,0
VI WARNING: __vblank_interrupt outside of vblank period: 228
VI WARNING: __vblank_interrupt outside of vblank period: 446
VI WARNING: __vblank_interrupt outside of vblank period: 38
VI WARNING: __vblank_interrupt outside of vblank period: 258
VI WARNING: __vblank_interrupt outside of vblank period: 474
M2,sp_rd512,-,0,rd512,0,5,25000.9,0,1171912,0.0,0.0,18595,380.82,0.0,0.0,0.0,0,0,0,0.0,0.00,0
VI WARNING: __vblank_interrupt outside of vblank period: 116
VI WARNING: __vblank_interrupt outside of vblank period: 336
VI WARNING: __vblank_interrupt outside of vblank period: 554
VI WARNING: __vblank_interrupt outside of vblank period: 146
VI WARNING: __vblank_interrupt outside of vblank period: 364
M2,sp_rd2k,-,0,rd2048,0,5,25001.0,0,1171912,0.0,0.0,4654,381.31,0.0,0.0,0.0,0,0,0,0.0,0.00,0
VI WARNING: __vblank_interrupt outside of vblank period: 184
VI WARNING: __vblank_interrupt outside of vblank period: 398
VI WARNING: __vblank_interrupt outside of vblank period: 612
VI WARNING: __vblank_interrupt outside of vblank period: 28
VI WARNING: __vblank_interrupt outside of vblank period: 246
M2,sp_wr64,-,0,wr64,0,5,25000.7,0,1171905,0.0,0.0,53346,136.56,0.0,0.0,0.0,0,0,0,0.0,0.00,0
VI WARNING: __vblank_interrupt outside of vblank period: 516
VI WARNING: __vblank_interrupt outside of vblank period: 108
VI WARNING: __vblank_interrupt outside of vblank period: 326
VI WARNING: __vblank_interrupt outside of vblank period: 544
VI WARNING: __vblank_interrupt outside of vblank period: 136
M2,sp_wr512,-,0,wr512,0,5,25001.0,0,1171912,0.0,0.0,19390,397.09,0.0,0.0,0.0,0,0,0,0.0,0.00,0
VI WARNING: __vblank_interrupt outside of vblank period: 410
VI WARNING: __vblank_interrupt outside of vblank period: 178
VI WARNING: __vblank_interrupt outside of vblank period: 398
VI WARNING: __vblank_interrupt outside of vblank period: 616
VI WARNING: __vblank_interrupt outside of vblank period: 34
M2,sp_wr2k,-,0,wr2048,0,5,25000.9,0,1171912,0.0,0.0,4840,396.48,0.0,0.0,0.0,0,0,0,0.0,0.00,0
VI WARNING: __vblank_interrupt outside of vblank period: 102
VI WARNING: __vblank_interrupt outside of vblank period: 116
VI WARNING: __vblank_interrupt outside of vblank period: 130
VI WARNING: __vblank_interrupt outside of vblank period: 144
VI WARNING: __vblank_interrupt outside of vblank period: 158
M2,sp_rd2k+cpu,u64r,0,rd2048,0,5,18467.5,32768,865101,563.2,563.6,2169,240.56,0.0,0.0,0.0,0,0,0,0.0,0.00,0
VI WARNING: __vblank_interrupt outside of vblank period: 268
VI WARNING: __vblank_interrupt outside of vblank period: 326
VI WARNING: __vblank_interrupt outside of vblank period: 382
VI WARNING: __vblank_interrupt outside of vblank period: 438
VI WARNING: __vblank_interrupt outside of vblank period: 496
M2,sp_wr2k+cpu,u64r,0,wr2048,0,5,19838.3,32768,928953,604.8,605.4,2149,221.91,0.0,0.0,0.0,0,0,0,0.0,0.00,0
VI WARNING: __vblank_interrupt outside of vblank period: 464
VI WARNING: __vblank_interrupt outside of vblank period: 378
VI WARNING: __vblank_interrupt outside of vblank period: 292
VI WARNING: __vblank_interrupt outside of vblank period: 204
VI WARNING: __vblank_interrupt outside of vblank period: 120
M2,sp_rd64+cpu,u64r,0,rd64,0,5,15329.4,32768,717893,467.4,467.8,32851,137.15,0.0,0.0,0.0,0,0,0,0.0,0.00,0
VI WARNING: __vblank_interrupt outside of vblank period: 88
VI WARNING: __vblank_interrupt outside of vblank period: 372
VI WARNING: __vblank_interrupt outside of vblank period: 290
M2,sp_rd2k+cr16,cr16,0,rd2048,0,5,13836.5,16384,645522,840.5,844.5,1932,286.02,0.0,0.0,0.0,0,0,0,0.0,0.00,0
VI WARNING: __vblank_interrupt outside of vblank period: 568
VI WARNING: __vblank_interrupt outside of vblank period: 306
VI WARNING: __vblank_interrupt outside of vblank period: 46
VI WARNING: __vblank_interrupt outside of vblank period: 414
VI WARNING: __vblank_interrupt outside of vblank period: 156
M2,sp_rd2k+rdp,-,1,rd2048,0,5,25000.9,0,1171912,0.0,0.0,4654,381.29,84818.4,111332.0,111387.4,5,5,0,0.0,0.00,0
VI WARNING: __vblank_interrupt outside of vblank period: 580
VI WARNING: __vblank_interrupt outside of vblank period: 318
VI WARNING: __vblank_interrupt outside of vblank period: 58
VI WARNING: __vblank_interrupt outside of vblank period: 428
VI WARNING: __vblank_interrupt outside of vblank period: 170
M2,sp_wr2k+rdp,-,1,wr2048,0,5,25000.9,0,1171916,0.0,0.0,4846,396.97,84818.4,111303.1,111410.2,5,5,0,0.0,0.00,0
VI WARNING: __vblank_interrupt outside of vblank period: 598
VI WARNING: __vblank_interrupt outside of vblank period: 16
VI WARNING: __vblank_interrupt outside of vblank period: 488
VI WARNING: __vblank_interrupt outside of vblank period: 358
VI WARNING: __vblank_interrupt outside of vblank period: 228
VI WARNING: __vblank_interrupt outside of vblank period: 100
M2,sp_rd64+rdp,-,1,rd64,0,5,25000.8,0,1171909,0.0,0.0,54279,138.95,84818.4,95469.2,95630.8,5,5,0,0.0,0.00,0
VI WARNING: __vblank_interrupt outside of vblank period: 450
VI WARNING: __vblank_interrupt outside of vblank period: 100
VI WARNING: __vblank_interrupt outside of vblank period: 262
VI WARNING: __vblank_interrupt outside of vblank period: 426
M2,sp_rd2k+cpu+rdp,u64r,1,rd2048,0,5,18472.2,32768,864494,562.8,563.7,2167,240.25,84818.4,103329.6,104540.0,5,5,0,0.0,0.00,0
VI WARNING: __vblank_interrupt outside of vblank period: 68
VI WARNING: __vblank_interrupt outside of vblank period: 274
VI WARNING: __vblank_interrupt outside of vblank period: 480
VI WARNING: __vblank_interrupt outside of vblank period: 58
VI WARNING: __vblank_interrupt outside of vblank period: 262
M2,sp_wr2k+cpu+rdp,u64r,1,wr2048,0,5,19830.5,32768,928906,604.8,605.2,2148,221.86,84818.4,106162.2,106209.4,5,5,0,0.0,0.00,0
VI WARNING: __vblank_interrupt outside of vblank period: 44
VI WARNING: __vblank_interrupt outside of vblank period: 524
VI WARNING: __vblank_interrupt outside of vblank period: 100
VI WARNING: __vblank_interrupt outside of vblank period: 578
VI WARNING: __vblank_interrupt outside of vblank period: 152
VI WARNING: __vblank_interrupt outside of vblank period: 164
VI WARNING: __vblank_interrupt outside of vblank period: 16
VI WARNING: __vblank_interrupt outside of vblank period: 218
VI WARNING: __vblank_interrupt outside of vblank period: 70
M2,pi,-,0,-,1,5,25000.7,0,1171905,0.0,0.0,0,0.00,0.0,0.0,0.0,0,0,0,201772.8,5.20,5
M2,pi+cpu,u64r,0,-,1,5,13346.6,32768,625497,407.2,407.3,0,0.00,0.0,0.0,0.0,0,0,0,199409.4,5.26,5
VI WARNING: __vblank_interrupt outside of vblank period: 234
VI WARNING: __vblank_interrupt outside of vblank period: 92
VI WARNING: __vblank_interrupt outside of vblank period: 294
VI WARNING: __vblank_interrupt outside of vblank period: 154
VI WARNING: __vblank_interrupt outside of vblank period: 354
VI WARNING: __vblank_interrupt outside of vblank period: 214
VI WARNING: __vblank_interrupt outside of vblank period: 414
VI WARNING: __vblank_interrupt outside of vblank period: 274
VI WARNING: __vblank_interrupt outside of vblank period: 476
VI WARNING: __vblank_interrupt outside of vblank period: 334
M2,pi+rdp,-,1,-,1,5,25000.7,0,1171904,0.0,0.0,0,0.00,84818.4,85131.7,85142.6,5,5,0,202244.2,5.18,5
VI WARNING: __vblank_interrupt outside of vblank period: 608
VI WARNING: __vblank_interrupt outside of vblank period: 538
VI WARNING: __vblank_interrupt outside of vblank period: 130
VI WARNING: __vblank_interrupt outside of vblank period: 62
VI WARNING: __vblank_interrupt outside of vblank period: 282
VI WARNING: __vblank_interrupt outside of vblank period: 212
VI WARNING: __vblank_interrupt outside of vblank period: 432
VI WARNING: __vblank_interrupt outside of vblank period: 360
VI WARNING: __vblank_interrupt outside of vblank period: 580
VI WARNING: __vblank_interrupt outside of vblank period: 510
M2,pi+sp_rd2k,-,0,rd2048,1,5,25000.9,0,1171913,0.0,0.0,4552,372.95,0.0,0.0,0.0,0,0,0,204589.7,5.13,5
VI WARNING: __vblank_interrupt outside of vblank period: 156
VI WARNING: __vblank_interrupt outside of vblank period: 100
VI WARNING: __vblank_interrupt outside of vblank period: 320
VI WARNING: __vblank_interrupt outside of vblank period: 266
VI WARNING: __vblank_interrupt outside of vblank period: 484
VI WARNING: __vblank_interrupt outside of vblank period: 426
VI WARNING: __vblank_interrupt outside of vblank period: 18
VI WARNING: __vblank_interrupt outside of vblank period: 590
VI WARNING: __vblank_interrupt outside of vblank period: 184
VI WARNING: __vblank_interrupt outside of vblank period: 130
M2,pi+sp_wr2k,-,0,wr2048,1,5,25001.1,0,1171918,0.0,0.0,4739,388.27,0.0,0.0,0.0,0,0,0,205042.3,5.11,5
VI WARNING: __vblank_interrupt outside of vblank period: 16
VI WARNING: __vblank_interrupt outside of vblank period: 258
VI WARNING: __vblank_interrupt outside of vblank period: 90
M2,cpu,u64r,0,-,0,5,13205.2,32768,616815,401.6,403.0,0,0.00,0.0,0.0,0.0,0,0,0,0.0,0.00,0
VI WARNING: __vblank_interrupt outside of vblank period: 402
VI WARNING: __vblank_interrupt outside of vblank period: 38
VI WARNING: __vblank_interrupt outside of vblank period: 304
VI WARNING: __vblank_interrupt outside of vblank period: 206
M2,cpu+rdp,u64r,1,-,0,5,13636.1,32768,637840,415.3,416.1,0,0.00,84818.4,88519.6,88560.3,5,5,0,0.0,0.00,0
VI WARNING: __vblank_interrupt outside of vblank period: 254
VI WARNING: __vblank_interrupt outside of vblank period: 400
VI WARNING: __vblank_interrupt outside of vblank period: 546
VI WARNING: __vblank_interrupt outside of vblank period: 66
VI WARNING: __vblank_interrupt outside of vblank period: 208
M2,rdp,-,1,-,0,5,25000.8,0,1171906,0.0,0.0,0,0.00,84818.4,84679.5,84774.6,5,5,0,0.0,0.00,0
M2,# done
M3,off_kb,phys,client,win_us,cpu_ns_min,cpu_ns_mean,rdp_alone_us,rdp_us_mean,rdp_started,rdp_busy_after,sp_dmas,sp_MBps
VI WARNING: __vblank_interrupt outside of vblank period: 488
VI WARNING: __vblank_interrupt outside of vblank period: 152
VI WARNING: __vblank_interrupt outside of vblank period: 296
VI WARNING: __vblank_interrupt outside of vblank period: 442
VI WARNING: __vblank_interrupt outside of vblank period: 26
VI WARNING: __vblank_interrupt outside of vblank period: 402
VI WARNING: __vblank_interrupt outside of vblank period: 152
VI WARNING: __vblank_interrupt outside of vblank period: 528
VI WARNING: __vblank_interrupt outside of vblank period: 276
VI WARNING: __vblank_interrupt outside of vblank period: 350
VI WARNING: __vblank_interrupt outside of vblank period: 314
VI WARNING: __vblank_interrupt outside of vblank period: 280
VI WARNING: __vblank_interrupt outside of vblank period: 246
VI WARNING: __vblank_interrupt outside of vblank period: 208
M3,0,00100000,rdp,27070.0,412.2,413.1,84761.1,92132.7,5,5,0,0
M3,0,00100000,sp_rd2k,36908.3,562.8,563.2,0,0,0,0,4335,240.59
VI WARNING: __vblank_interrupt outside of vblank period: 510
VI WARNING: __vblank_interrupt outside of vblank period: 30
VI WARNING: __vblank_interrupt outside of vblank period: 174
VI WARNING: __vblank_interrupt outside of vblank period: 318
VI WARNING: __vblank_interrupt outside of vblank period: 464
VI WARNING: __vblank_interrupt outside of vblank period: 48
VI WARNING: __vblank_interrupt outside of vblank period: 424
VI WARNING: __vblank_interrupt outside of vblank period: 174
VI WARNING: __vblank_interrupt outside of vblank period: 550
VI WARNING: __vblank_interrupt outside of vblank period: 298
VI WARNING: __vblank_interrupt outside of vblank period: 374
VI WARNING: __vblank_interrupt outside of vblank period: 340
VI WARNING: __vblank_interrupt outside of vblank period: 304
VI WARNING: __vblank_interrupt outside of vblank period: 268
VI WARNING: __vblank_interrupt outside of vblank period: 230
M3,256,00140000,rdp,27063.4,412.2,413.0,84772.4,92131.7,5,5,0,0
M3,256,00140000,sp_rd2k,36902.8,562.7,563.1,0,0,0,0,4334,240.57
VI WARNING: __vblank_interrupt outside of vblank period: 528
VI WARNING: __vblank_interrupt outside of vblank period: 48
VI WARNING: __vblank_interrupt outside of vblank period: 192
VI WARNING: __vblank_interrupt outside of vblank period: 338
VI WARNING: __vblank_interrupt outside of vblank period: 484
VI WARNING: __vblank_interrupt outside of vblank period: 68
VI WARNING: __vblank_interrupt outside of vblank period: 444
VI WARNING: __vblank_interrupt outside of vblank period: 192
VI WARNING: __vblank_interrupt outside of vblank period: 568
VI WARNING: __vblank_interrupt outside of vblank period: 316
VI WARNING: __vblank_interrupt outside of vblank period: 392
VI WARNING: __vblank_interrupt outside of vblank period: 356
VI WARNING: __vblank_interrupt outside of vblank period: 318
VI WARNING: __vblank_interrupt outside of vblank period: 284
VI WARNING: __vblank_interrupt outside of vblank period: 248
M3,512,00180000,rdp,27063.6,412.1,413.0,84776.0,92124.6,5,5,0,0
M3,512,00180000,sp_rd2k,36899.7,562.7,563.0,0,0,0,0,4334,240.56
VI WARNING: __vblank_interrupt outside of vblank period: 550
VI WARNING: __vblank_interrupt outside of vblank period: 70
VI WARNING: __vblank_interrupt outside of vblank period: 212
VI WARNING: __vblank_interrupt outside of vblank period: 358
VI WARNING: __vblank_interrupt outside of vblank period: 504
VI WARNING: __vblank_interrupt outside of vblank period: 88
VI WARNING: __vblank_interrupt outside of vblank period: 464
VI WARNING: __vblank_interrupt outside of vblank period: 214
VI WARNING: __vblank_interrupt outside of vblank period: 590
VI WARNING: __vblank_interrupt outside of vblank period: 338
VI WARNING: __vblank_interrupt outside of vblank period: 412
VI WARNING: __vblank_interrupt outside of vblank period: 378
VI WARNING: __vblank_interrupt outside of vblank period: 344
VI WARNING: __vblank_interrupt outside of vblank period: 308
VI WARNING: __vblank_interrupt outside of vblank period: 274
M3,768,001c0000,rdp,27058.1,412.1,412.9,84773.0,92124.1,5,5,0,0
M3,768,001c0000,sp_rd2k,36908.9,562.9,563.2,0,0,0,0,4335,240.58
VI WARNING: __vblank_interrupt outside of vblank period: 576
VI WARNING: __vblank_interrupt outside of vblank period: 94
VI WARNING: __vblank_interrupt outside of vblank period: 238
VI WARNING: __vblank_interrupt outside of vblank period: 384
VI WARNING: __vblank_interrupt outside of vblank period: 530
VI WARNING: __vblank_interrupt outside of vblank period: 456
VI WARNING: __vblank_interrupt outside of vblank period: 566
VI WARNING: __vblank_interrupt outside of vblank period: 46
VI WARNING: __vblank_interrupt outside of vblank period: 156
VI WARNING: __vblank_interrupt outside of vblank period: 264
VI WARNING: __vblank_interrupt outside of vblank period: 576
VI WARNING: __vblank_interrupt outside of vblank period: 136
VI WARNING: __vblank_interrupt outside of vblank period: 320
VI WARNING: __vblank_interrupt outside of vblank period: 504
VI WARNING: __vblank_interrupt outside of vblank period: 60
M3,1280,00240000,rdp,37990.9,579.5,579.7,84773.6,103624.6,5,5,0,0
M3,1280,00240000,sp_rd2k,43954.5,670.5,670.7,0,0,0,0,3771,175.73
VI WARNING: __vblank_interrupt outside of vblank period: 362
VI WARNING: __vblank_interrupt outside of vblank period: 506
VI WARNING: __vblank_interrupt outside of vblank period: 26
VI WARNING: __vblank_interrupt outside of vblank period: 170
VI WARNING: __vblank_interrupt outside of vblank period: 314
VI WARNING: __vblank_interrupt outside of vblank period: 242
VI WARNING: __vblank_interrupt outside of vblank period: 350
VI WARNING: __vblank_interrupt outside of vblank period: 460
VI WARNING: __vblank_interrupt outside of vblank period: 570
VI WARNING: __vblank_interrupt outside of vblank period: 50
VI WARNING: __vblank_interrupt outside of vblank period: 362
VI WARNING: __vblank_interrupt outside of vblank period: 548
VI WARNING: __vblank_interrupt outside of vblank period: 104
VI WARNING: __vblank_interrupt outside of vblank period: 288
VI WARNING: __vblank_interrupt outside of vblank period: 474
M3,1536,00280000,rdp,37987.5,579.5,579.6,84767.9,103628.9,5,5,0,0
M3,1536,00280000,sp_rd2k,43953.7,670.3,670.7,0,0,0,0,3770,175.66
VI WARNING: __vblank_interrupt outside of vblank period: 148
VI WARNING: __vblank_interrupt outside of vblank period: 290
VI WARNING: __vblank_interrupt outside of vblank period: 436
VI WARNING: __vblank_interrupt outside of vblank period: 582
VI WARNING: __vblank_interrupt outside of vblank period: 102
VI WARNING: __vblank_interrupt outside of vblank period: 24
VI WARNING: __vblank_interrupt outside of vblank period: 134
VI WARNING: __vblank_interrupt outside of vblank period: 244
VI WARNING: __vblank_interrupt outside of vblank period: 352
VI WARNING: __vblank_interrupt outside of vblank period: 460
VI WARNING: __vblank_interrupt outside of vblank period: 146
VI WARNING: __vblank_interrupt outside of vblank period: 330
VI WARNING: __vblank_interrupt outside of vblank period: 514
VI WARNING: __vblank_interrupt outside of vblank period: 70
VI WARNING: __vblank_interrupt outside of vblank period: 256
M3,1792,002c0000,rdp,37984.2,579.4,579.6,84742.6,103637.8,5,5,0,0
M3,1792,002c0000,sp_rd2k,43949.7,670.4,670.6,0,0,0,0,3771,175.72
VI WARNING: __vblank_interrupt outside of vblank period: 556
VI WARNING: __vblank_interrupt outside of vblank period: 74
VI WARNING: __vblank_interrupt outside of vblank period: 216
VI WARNING: __vblank_interrupt outside of vblank period: 364
VI WARNING: __vblank_interrupt outside of vblank period: 510
VI WARNING: __vblank_interrupt outside of vblank period: 94
VI WARNING: __vblank_interrupt outside of vblank period: 470
VI WARNING: __vblank_interrupt outside of vblank period: 220
VI WARNING: __vblank_interrupt outside of vblank period: 596
VI WARNING: __vblank_interrupt outside of vblank period: 14
VI WARNING: __vblank_interrupt outside of vblank period: 344
VI WARNING: __vblank_interrupt outside of vblank period: 420
VI WARNING: __vblank_interrupt outside of vblank period: 386
VI WARNING: __vblank_interrupt outside of vblank period: 350
VI WARNING: __vblank_interrupt outside of vblank period: 316
VI WARNING: __vblank_interrupt outside of vblank period: 280
M3,2048,00300000,rdp,27067.3,412.0,413.0,84773.2,92139.3,5,5,0,0
M3,2048,00300000,sp_rd2k,36921.5,562.9,563.4,0,0,0,0,4338,240.64
VI WARNING: __vblank_interrupt outside of vblank period: 582
VI WARNING: __vblank_interrupt outside of vblank period: 100
VI WARNING: __vblank_interrupt outside of vblank period: 242
VI WARNING: __vblank_interrupt outside of vblank period: 388
VI WARNING: __vblank_interrupt outside of vblank period: 534
VI WARNING: __vblank_interrupt outside of vblank period: 120
VI WARNING: __vblank_interrupt outside of vblank period: 496
VI WARNING: __vblank_interrupt outside of vblank period: 244
VI WARNING: __vblank_interrupt outside of vblank period: 622
VI WARNING: __vblank_interrupt outside of vblank period: 38
VI WARNING: __vblank_interrupt outside of vblank period: 370
VI WARNING: __vblank_interrupt outside of vblank period: 446
VI WARNING: __vblank_interrupt outside of vblank period: 412
VI WARNING: __vblank_interrupt outside of vblank period: 376
VI WARNING: __vblank_interrupt outside of vblank period: 340
VI WARNING: __vblank_interrupt outside of vblank period: 306
M3,2560,00380000,rdp,27071.6,412.2,413.1,84767.5,92138.9,5,5,0,0
M3,2560,00380000,sp_rd2k,36913.4,562.9,563.3,0,0,0,0,4336,240.61
VI WARNING: __vblank_interrupt outside of vblank period: 608
VI WARNING: __vblank_interrupt outside of vblank period: 24
VI WARNING: __vblank_interrupt outside of vblank period: 128
VI WARNING: __vblank_interrupt outside of vblank period: 270
VI WARNING: __vblank_interrupt outside of vblank period: 416
VI WARNING: __vblank_interrupt outside of vblank period: 562
VI WARNING: __vblank_interrupt outside of vblank period: 146
VI WARNING: __vblank_interrupt outside of vblank period: 522
VI WARNING: __vblank_interrupt outside of vblank period: 272
VI WARNING: __vblank_interrupt outside of vblank period: 22
VI WARNING: __vblank_interrupt outside of vblank period: 396
VI WARNING: __vblank_interrupt outside of vblank period: 472
VI WARNING: __vblank_interrupt outside of vblank period: 436
VI WARNING: __vblank_interrupt outside of vblank period: 402
VI WARNING: __vblank_interrupt outside of vblank period: 366
VI WARNING: __vblank_interrupt outside of vblank period: 332
M3,3072,00400000,rdp,27070.0,412.1,413.1,84779.0,92132.8,5,5,0,0
M3,3072,00400000,sp_rd2k,36924.9,563.2,563.4,0,0,0,0,4338,240.62
VI WARNING: __vblank_interrupt outside of vblank period: 152
VI WARNING: __vblank_interrupt outside of vblank period: 294
VI WARNING: __vblank_interrupt outside of vblank period: 440
VI WARNING: __vblank_interrupt outside of vblank period: 586
VI WARNING: __vblank_interrupt outside of vblank period: 170
VI WARNING: __vblank_interrupt outside of vblank period: 546
VI WARNING: __vblank_interrupt outside of vblank period: 294
VI WARNING: __vblank_interrupt outside of vblank period: 44
VI WARNING: __vblank_interrupt outside of vblank period: 420
VI WARNING: __vblank_interrupt outside of vblank period: 496
VI WARNING: __vblank_interrupt outside of vblank period: 460
VI WARNING: __vblank_interrupt outside of vblank period: 424
VI WARNING: __vblank_interrupt outside of vblank period: 390
VI WARNING: __vblank_interrupt outside of vblank period: 352
M3,3584,00480000,rdp,27065.1,412.2,413.0,84757.7,92132.1,5,5,0,0
M3,3584,00480000,sp_rd2k,36914.0,562.8,563.3,0,0,0,0,4336,240.60
VI WARNING: __vblank_interrupt outside of vblank period: 28
VI WARNING: __vblank_interrupt outside of vblank period: 172
VI WARNING: __vblank_interrupt outside of vblank period: 316
VI WARNING: __vblank_interrupt outside of vblank period: 462
VI WARNING: __vblank_interrupt outside of vblank period: 608
VI WARNING: __vblank_interrupt outside of vblank period: 26
VI WARNING: __vblank_interrupt outside of vblank period: 194
VI WARNING: __vblank_interrupt outside of vblank period: 570
VI WARNING: __vblank_interrupt outside of vblank period: 318
VI WARNING: __vblank_interrupt outside of vblank period: 66
VI WARNING: __vblank_interrupt outside of vblank period: 442
VI WARNING: __vblank_interrupt outside of vblank period: 518
VI WARNING: __vblank_interrupt outside of vblank period: 484
VI WARNING: __vblank_interrupt outside of vblank period: 450
VI WARNING: __vblank_interrupt outside of vblank period: 414
VI WARNING: __vblank_interrupt outside of vblank period: 380
M3,3840,004c0000,rdp,27062.7,412.2,412.9,84780.1,92126.3,5,5,0,0
M3,3840,004c0000,sp_rd2k,36916.9,563.1,563.3,0,0,0,0,4337,240.61
M3,# done
M5,stride_B,accesses,ticks_min,ns_min,ns_mean
VI WARNING: __vblank_interrupt outside of vblank period: 222
VI WARNING: __vblank_interrupt outside of vblank period: 514
VI WARNING: __vblank_interrupt outside of vblank period: 176
VI WARNING: __vblank_interrupt outside of vblank period: 464
VI WARNING: __vblank_interrupt outside of vblank period: 126
M5,4,65536,1302846,424.1,425.1
VI WARNING: __vblank_interrupt outside of vblank period: 460
VI WARNING: __vblank_interrupt outside of vblank period: 122
VI WARNING: __vblank_interrupt outside of vblank period: 412
VI WARNING: __vblank_interrupt outside of vblank period: 72
VI WARNING: __vblank_interrupt outside of vblank period: 362
M5,8,65536,1303503,424.3,425.3
VI WARNING: __vblank_interrupt outside of vblank period: 66
VI WARNING: __vblank_interrupt outside of vblank period: 358
VI WARNING: __vblank_interrupt outside of vblank period: 20
VI WARNING: __vblank_interrupt outside of vblank period: 312
VI WARNING: __vblank_interrupt outside of vblank period: 604
VI WARNING: __vblank_interrupt outside of vblank period: 20
M5,16,65536,1304522,424.6,425.6
VI WARNING: __vblank_interrupt outside of vblank period: 356
VI WARNING: __vblank_interrupt outside of vblank period: 24
VI WARNING: __vblank_interrupt outside of vblank period: 314
VI WARNING: __vblank_interrupt outside of vblank period: 604
VI WARNING: __vblank_interrupt outside of vblank period: 22
VI WARNING: __vblank_interrupt outside of vblank period: 316
M5,32,65536,1308996,426.1,426.6
VI WARNING: __vblank_interrupt outside of vblank period: 26
VI WARNING: __vblank_interrupt outside of vblank period: 322
VI WARNING: __vblank_interrupt outside of vblank period: 616
VI WARNING: __vblank_interrupt outside of vblank period: 34
VI WARNING: __vblank_interrupt outside of vblank period: 330
VI WARNING: __vblank_interrupt outside of vblank period: 624
VI WARNING: __vblank_interrupt outside of vblank period: 38
M5,64,65536,1311038,426.8,427.6
VI WARNING: __vblank_interrupt outside of vblank period: 384
VI WARNING: __vblank_interrupt outside of vblank period: 56
VI WARNING: __vblank_interrupt outside of vblank period: 356
VI WARNING: __vblank_interrupt outside of vblank period: 28
VI WARNING: __vblank_interrupt outside of vblank period: 328
M5,128,65536,1317484,428.9,429.8
VI WARNING: __vblank_interrupt outside of vblank period: 50
VI WARNING: __vblank_interrupt outside of vblank period: 358
VI WARNING: __vblank_interrupt outside of vblank period: 38
VI WARNING: __vblank_interrupt outside of vblank period: 344
VI WARNING: __vblank_interrupt outside of vblank period: 24
M5,256,65536,1329406,432.7,433.4
VI WARNING: __vblank_interrupt outside of vblank period: 392
VI WARNING: __vblank_interrupt outside of vblank period: 90
VI WARNING: __vblank_interrupt outside of vblank period: 416
VI WARNING: __vblank_interrupt outside of vblank period: 114
VI WARNING: __vblank_interrupt outside of vblank period: 442
M5,512,65536,1358194,442.1,442.8
VI WARNING: __vblank_interrupt outside of vblank period: 232
VI WARNING: __vblank_interrupt outside of vblank period: 608
VI WARNING: __vblank_interrupt outside of vblank period: 24
VI WARNING: __vblank_interrupt outside of vblank period: 402
VI WARNING: __vblank_interrupt outside of vblank period: 148
VI WARNING: __vblank_interrupt outside of vblank period: 524
M5,1024,65536,1431180,465.9,467.0
VI WARNING: __vblank_interrupt outside of vblank period: 404
VI WARNING: __vblank_interrupt outside of vblank period: 240
VI WARNING: __vblank_interrupt outside of vblank period: 76
VI WARNING: __vblank_interrupt outside of vblank period: 540
VI WARNING: __vblank_interrupt outside of vblank period: 378
M5,2048,65536,1565462,509.6,510.0
VI WARNING: __vblank_interrupt outside of vblank period: 260
VI WARNING: __vblank_interrupt outside of vblank period: 98
VI WARNING: __vblank_interrupt outside of vblank period: 564
VI WARNING: __vblank_interrupt outside of vblank period: 402
VI WARNING: __vblank_interrupt outside of vblank period: 238
M5,4096,65536,1565530,509.6,510.4
VI WARNING: __vblank_interrupt outside of vblank period: 124
VI WARNING: __vblank_interrupt outside of vblank period: 592
VI WARNING: __vblank_interrupt outside of vblank period: 434
VI WARNING: __vblank_interrupt outside of vblank period: 276
VI WARNING: __vblank_interrupt outside of vblank period: 112
M5,8192,65536,1569971,511.1,511.6
VI WARNING: __vblank_interrupt outside of vblank period: 430
VI WARNING: __vblank_interrupt outside of vblank period: 272
VI WARNING: __vblank_interrupt outside of vblank period: 116
VI WARNING: __vblank_interrupt outside of vblank period: 588
M5,16384,65536,1577031,513.4,514.1
VI WARNING: __vblank_interrupt outside of vblank period: 490
VI WARNING: __vblank_interrupt outside of vblank period: 342
VI WARNING: __vblank_interrupt outside of vblank period: 196
VI WARNING: __vblank_interrupt outside of vblank period: 50
VI WARNING: __vblank_interrupt outside of vblank period: 532
M5,32768,65536,1590661,517.8,518.3
M5,# done
M7,kind,cell,units,bytes_per_pass,win_us,cpu_ns_min,cpu_ns_mean,sp_dmas,sp_MBps,rdp_alone_us,rdp_us_mean,tmem_us_mean,rdp_MBps_alone,rdp_started,rdp_busy_after
VI WARNING: __vblank_interrupt outside of vblank period: 234
VI WARNING: __vblank_interrupt outside of vblank period: 380
VI WARNING: __vblank_interrupt outside of vblank period: 526
VI WARNING: __vblank_interrupt outside of vblank period: 46
VI WARNING: __vblank_interrupt outside of vblank period: 190
M7,fill,alone,112,17203200,25000.8,0.0,0.0,0,0.00,84770.4,84770.4,0.0,202.9,5,5
VI WARNING: __vblank_interrupt outside of vblank period: 452
VI WARNING: __vblank_interrupt outside of vblank period: 202
VI WARNING: __vblank_interrupt outside of vblank period: 578
VI WARNING: __vblank_interrupt outside of vblank period: 326
VI WARNING: __vblank_interrupt outside of vblank period: 74
M7,fill,cpu,112,17203200,27061.9,412.1,412.9,0,0.00,84770.4,92133.7,0.0,202.9,5,5
VI WARNING: __vblank_interrupt outside of vblank period: 180
VI WARNING: __vblank_interrupt outside of vblank period: 68
M7,fill,cr16,112,17203200,7101.8,428.6,433.5,0,0.00,84770.4,86934.6,0.0,202.9,5,5
VI WARNING: __vblank_interrupt outside of vblank period: 542
VI WARNING: __vblank_interrupt outside of vblank period: 282
VI WARNING: __vblank_interrupt outside of vblank period: 22
VI WARNING: __vblank_interrupt outside of vblank period: 392
VI WARNING: __vblank_interrupt outside of vblank period: 134
M7,fill,sp_rd2k,112,17203200,25001.1,0.0,0.0,4652,381.11,84770.4,111398.4,0.0,202.9,5,5
VI WARNING: __vblank_interrupt outside of vblank period: 552
VI WARNING: __vblank_interrupt outside of vblank period: 422
VI WARNING: __vblank_interrupt outside of vblank period: 292
VI WARNING: __vblank_interrupt outside of vblank period: 166
VI WARNING: __vblank_interrupt outside of vblank period: 36
M7,fill,sp_rd64,112,17203200,25000.8,0.0,0.0,54289,138.98,84770.4,95512.0,0.0,202.9,5,5
VI WARNING: __vblank_interrupt outside of vblank period: 586
VI WARNING: __vblank_interrupt outside of vblank period: 44
VI WARNING: __vblank_interrupt outside of vblank period: 130
VI WARNING: __vblank_interrupt outside of vblank period: 212
VI WARNING: __vblank_interrupt outside of vblank period: 296
M7,load,alone,2605,10670080,25000.7,0.0,0.0,0,0.00,82822.9,82822.9,79753.0,128.8,5,5
VI WARNING: __vblank_interrupt outside of vblank period: 26
VI WARNING: __vblank_interrupt outside of vblank period: 154
VI WARNING: __vblank_interrupt outside of vblank period: 280
VI WARNING: __vblank_interrupt outside of vblank period: 406
VI WARNING: __vblank_interrupt outside of vblank period: 534
M7,load,cpu,2605,10670080,31480.0,480.0,480.3,0,0.00,82822.9,84205.2,80966.4,128.8,5,5
VI WARNING: __vblank_interrupt outside of vblank period: 42
VI WARNING: __vblank_interrupt outside of vblank period: 186
M7,load,cr16,2605,10670080,7900.7,480.6,482.2,0,0.00,82822.9,83385.3,80259.3,128.8,5,5
VI WARNING: __vblank_interrupt outside of vblank period: 98
VI WARNING: __vblank_interrupt outside of vblank period: 408
VI WARNING: __vblank_interrupt outside of vblank period: 94
VI WARNING: __vblank_interrupt outside of vblank period: 404
VI WARNING: __vblank_interrupt outside of vblank period: 88
M7,load,sp_rd2k,2605,10670080,25000.9,0.0,0.0,4659,381.70,82822.9,109566.1,79960.2,128.8,5,5
VI WARNING: __vblank_interrupt outside of vblank period: 468
VI WARNING: __vblank_interrupt outside of vblank period: 30
VI WARNING: __vblank_interrupt outside of vblank period: 214
VI WARNING: __vblank_interrupt outside of vblank period: 400
VI WARNING: __vblank_interrupt outside of vblank period: 590
M7,load,sp_rd64,2605,10670080,25000.7,0.0,0.0,52899,135.42,82822.9,85600.5,82429.9,128.8,5,5
VI WARNING: __vblank_interrupt outside of vblank period: 192
VI WARNING: __vblank_interrupt outside of vblank period: 178
VI WARNING: __vblank_interrupt outside of vblank period: 164
VI WARNING: __vblank_interrupt outside of vblank period: 150
VI WARNING: __vblank_interrupt outside of vblank period: 136
M7,rectz,alone,17,7987200,25000.8,0.0,0.0,0,0.00,79675.6,79675.6,29.5,100.2,5,5
VI WARNING: __vblank_interrupt outside of vblank period: 300
VI WARNING: __vblank_interrupt outside of vblank period: 508
VI WARNING: __vblank_interrupt outside of vblank period: 86
VI WARNING: __vblank_interrupt outside of vblank period: 294
VI WARNING: __vblank_interrupt outside of vblank period: 500
M7,rectz,cpu,17,7987200,29046.5,442.5,443.2,0,0.00,79675.6,86742.7,31.2,100.2,5,5
VI WARNING: __vblank_interrupt outside of vblank period: 134
VI WARNING: __vblank_interrupt outside of vblank period: 224
M7,rectz,cr16,17,7987200,7562.9,458.8,461.6,0,0.00,79675.6,81635.5,31.0,100.2,5,5
VI WARNING: __vblank_interrupt outside of vblank period: 536
VI WARNING: __vblank_interrupt outside of vblank period: 122
VI WARNING: __vblank_interrupt outside of vblank period: 336
VI WARNING: __vblank_interrupt outside of vblank period: 550
VI WARNING: __vblank_interrupt outside of vblank period: 138
M7,rectz,sp_rd2k,17,7987200,25001.0,0.0,0.0,4655,381.34,79675.6,106466.5,31.8,100.2,5,5
VI WARNING: __vblank_interrupt outside of vblank period: 400
VI WARNING: __vblank_interrupt outside of vblank period: 30
VI WARNING: __vblank_interrupt outside of vblank period: 282
VI WARNING: __vblank_interrupt outside of vblank period: 538
VI WARNING: __vblank_interrupt outside of vblank period: 168
M7,rectz,sp_rd64,17,7987200,25000.8,0.0,0.0,53774,137.66,79675.6,87754.2,33.9,100.2,5,5
M7,# done
M8,kind,cell,units,win_us,cpu_ns_min,cpu_ns_mean,rdp_alone_us,rdp_us_mean,tmem_us_mean,us_per_4k,MBps_alone,tmem_frac,rdp_started,rdp_busy_after
VI WARNING: __vblank_interrupt outside of vblank period: 558
VI WARNING: __vblank_interrupt outside of vblank period: 16
VI WARNING: __vblank_interrupt outside of vblank period: 100
VI WARNING: __vblank_interrupt outside of vblank period: 184
VI WARNING: __vblank_interrupt outside of vblank period: 270
VI WARNING: __vblank_interrupt outside of vblank period: 576
VI WARNING: __vblank_interrupt outside of vblank period: 76
VI WARNING: __vblank_interrupt outside of vblank period: 204
VI WARNING: __vblank_interrupt outside of vblank period: 332
VI WARNING: __vblank_interrupt outside of vblank period: 458
M8,load,alone,2605,25000.7,0,0,82831.5,82831.5,79711.3,31.80,128.8,0.962,5,5
M8,load,cpu,2605,31471.9,479.9,480.2,82831.5,84209.0,80973.4,31.80,128.8,0.962,5,5
VI WARNING: __vblank_interrupt outside of vblank period: 508
VI WARNING: __vblank_interrupt outside of vblank period: 578
VI WARNING: __vblank_interrupt outside of vblank period: 24
VI WARNING: __vblank_interrupt outside of vblank period: 96
VI WARNING: __vblank_interrupt outside of vblank period: 166
VI WARNING: __vblank_interrupt outside of vblank period: 376
VI WARNING: __vblank_interrupt outside of vblank period: 488
VI WARNING: __vblank_interrupt outside of vblank period: 602
VI WARNING: __vblank_interrupt outside of vblank period: 22
VI WARNING: __vblank_interrupt outside of vblank period: 86
VI WARNING: __vblank_interrupt outside of vblank period: 198
M8,loadblk,alone,2826,25000.7,0,0,82380.8,82380.8,80476.8,29.15,140.5,0.977,5,5
M8,loadblk,cpu,2826,28846.4,439.4,440.2,82380.8,83701.7,81650.2,29.15,140.5,0.977,5,5
VI WARNING: __vblank_interrupt outside of vblank period: 308
VI WARNING: __vblank_interrupt outside of vblank period: 392
VI WARNING: __vblank_interrupt outside of vblank period: 474
VI WARNING: __vblank_interrupt outside of vblank period: 558
VI WARNING: __vblank_interrupt outside of vblank period: 16
VI WARNING: __vblank_interrupt outside of vblank period: 320
VI WARNING: __vblank_interrupt outside of vblank period: 446
VI WARNING: __vblank_interrupt outside of vblank period: 574
VI WARNING: __vblank_interrupt outside of vblank period: 74
VI WARNING: __vblank_interrupt outside of vblank period: 202
M8,load32,alone,2604,25000.7,0,0,82803.5,82803.5,79747.8,31.80,128.8,0.963,5,5
M8,load32,cpu,2604,31474.7,479.8,480.3,82803.5,84177.0,80973.3,31.80,128.8,0.963,5,5
VI WARNING: __vblank_interrupt outside of vblank period: 246
VI WARNING: __vblank_interrupt outside of vblank period: 282
VI WARNING: __vblank_interrupt outside of vblank period: 320
VI WARNING: __vblank_interrupt outside of vblank period: 358
VI WARNING: __vblank_interrupt outside of vblank period: 396
VI WARNING: __vblank_interrupt outside of vblank period: 110
VI WARNING: __vblank_interrupt outside of vblank period: 194
VI WARNING: __vblank_interrupt outside of vblank period: 276
VI WARNING: __vblank_interrupt outside of vblank period: 362
VI WARNING: __vblank_interrupt outside of vblank period: 444
M8,loadi8,alone,2320,25000.8,0,0,81320.8,81320.8,77406.2,35.05,116.9,0.952,5,5
M8,loadi8,cpu,2320,34208.0,521.8,522.0,81320.8,82776.5,78760.2,35.05,116.9,0.952,5,5
VI WARNING: __vblank_interrupt outside of vblank period: 352
VI WARNING: __vblank_interrupt outside of vblank period: 442
VI WARNING: __vblank_interrupt outside of vblank period: 532
VI WARNING: __vblank_interrupt outside of vblank period: 622
VI WARNING: __vblank_interrupt outside of vblank period: 40
VI WARNING: __vblank_interrupt outside of vblank period: 84
VI WARNING: __vblank_interrupt outside of vblank period: 366
VI WARNING: __vblank_interrupt outside of vblank period: 492
VI WARNING: __vblank_interrupt outside of vblank period: 620
VI WARNING: __vblank_interrupt outside of vblank period: 36
VI WARNING: __vblank_interrupt outside of vblank period: 118
VI WARNING: __vblank_interrupt outside of vblank period: 244
M8,loadnarrow,alone,1366,25000.7,0,0,82979.4,82979.4,11190.3,60.75,67.4,0.135,5,5
M8,loadnarrow,cpu,1366,30862.6,470.3,470.9,82979.4,84147.4,11190.3,60.75,67.4,0.135,5,5
VI WARNING: __vblank_interrupt outside of vblank period: 306
VI WARNING: __vblank_interrupt outside of vblank period: 384
VI WARNING: __vblank_interrupt outside of vblank period: 462
VI WARNING: __vblank_interrupt outside of vblank period: 540
VI WARNING: __vblank_interrupt outside of vblank period: 618
VI WARNING: __vblank_interrupt outside of vblank period: 36
VI WARNING: __vblank_interrupt outside of vblank period: 230
VI WARNING: __vblank_interrupt outside of vblank period: 342
VI WARNING: __vblank_interrupt outside of vblank period: 456
VI WARNING: __vblank_interrupt outside of vblank period: 570
VI WARNING: __vblank_interrupt outside of vblank period: 54
M8,loadwide,alone,2774,25000.8,0,0,82615.4,82615.4,80460.5,29.78,137.5,0.974,5,5
M8,loadwide,cpu,2774,29571.1,450.4,451.2,82615.4,83717.1,81409.6,29.78,137.5,0.974,5,5
VI WARNING: __vblank_interrupt outside of vblank period: 138
VI WARNING: __vblank_interrupt outside of vblank period: 208
VI WARNING: __vblank_interrupt outside of vblank period: 282
VI WARNING: __vblank_interrupt outside of vblank period: 356
VI WARNING: __vblank_interrupt outside of vblank period: 430
VI WARNING: __vblank_interrupt outside of vblank period: 40
VI WARNING: __vblank_interrupt outside of vblank period: 182
VI WARNING: __vblank_interrupt outside of vblank period: 326
VI WARNING: __vblank_interrupt outside of vblank period: 472
VI WARNING: __vblank_interrupt outside of vblank period: 616
VI WARNING: __vblank_interrupt outside of vblank period: 32
M8,load48,alone,1466,25000.9,0,0,82475.0,82475.0,33044.3,56.26,72.5,0.401,5,5
M8,load48,cpu,1466,29830.1,454.7,455.2,82475.0,84738.2,34551.1,56.26,72.5,0.401,5,5
VI WARNING: __vblank_interrupt outside of vblank period: 102
VI WARNING: __vblank_interrupt outside of vblank period: 140
VI WARNING: __vblank_interrupt outside of vblank period: 176
VI WARNING: __vblank_interrupt outside of vblank period: 212
VI WARNING: __vblank_interrupt outside of vblank period: 250
VI WARNING: __vblank_interrupt outside of vblank period: 592
VI WARNING: __vblank_interrupt outside of vblank period: 12
VI WARNING: __vblank_interrupt outside of vblank period: 52
VI WARNING: __vblank_interrupt outside of vblank period: 136
VI WARNING: __vblank_interrupt outside of vblank period: 220
VI WARNING: __vblank_interrupt outside of vblank period: 306
M8,load64r,alone,2320,25000.7,0,0,81315.9,81315.9,77403.2,35.05,116.9,0.952,5,5
M8,load64r,cpu,2320,34218.4,521.9,522.1,81315.9,82814.7,78798.4,35.05,116.9,0.952,5,5
VI WARNING: __vblank_interrupt outside of vblank period: 220
VI WARNING: __vblank_interrupt outside of vblank period: 294
VI WARNING: __vblank_interrupt outside of vblank period: 368
VI WARNING: __vblank_interrupt outside of vblank period: 444
VI WARNING: __vblank_interrupt outside of vblank period: 520
VI WARNING: __vblank_interrupt outside of vblank period: 152
VI WARNING: __vblank_interrupt outside of vblank period: 274
VI WARNING: __vblank_interrupt outside of vblank period: 396
VI WARNING: __vblank_interrupt outside of vblank period: 520
VI WARNING: __vblank_interrupt outside of vblank period: 18
M8,load96,alone,2119,25000.8,0,0,82529.7,82529.7,79730.1,38.95,103.5,0.966,5,5
M8,load96,cpu,2119,30372.8,462.9,463.5,82529.7,84056.0,81154.6,38.95,103.5,0.966,5,5
M8,# done
M6,mode,fb_phys,fb_bytes,client,cpu_ns_min,cpu_ns_mean,rdp_alone_us
VI WARNING: __vblank_interrupt outside of vblank period: 434
VI WARNING: __vblank_interrupt outside of vblank period: 12
VI WARNING: __vblank_interrupt outside of vblank period: 216
VI WARNING: __vblank_interrupt outside of vblank period: 420
M6,320x240x16,000d11c0,153600,u32r,383.3,383.6,0
VI WARNING: __vblank_interrupt outside of vblank period: 250
VI WARNING: __vblank_interrupt outside of vblank period: 78
VI WARNING: __vblank_interrupt outside of vblank period: 324
M6,320x240x16,000d11c0,153600,u64r,401.5,402.7,0
VI WARNING: __vblank_interrupt outside of vblank period: 176
VI WARNING: __vblank_interrupt outside of vblank period: 382
VI WARNING: __vblank_interrupt outside of vblank period: 190
M6,320x240x16,000d11c0,153600,u32w,191.0,191.9,0
VI WARNING: __vblank_interrupt outside of vblank period: 212
VI WARNING: __vblank_interrupt outside of vblank period: 158
M6,320x240x16,000d11c0,153600,cr16,422.0,426.4,0
VI WARNING: __vblank_interrupt outside of vblank period: 408
VI WARNING: __vblank_interrupt outside of vblank period: 554
VI WARNING: __vblank_interrupt outside of vblank period: 74
VI WARNING: __vblank_interrupt outside of vblank period: 216
VI WARNING: __vblank_interrupt outside of vblank period: 362
M6,320x240x16,000d11c0,153600,rdp_fill,0,0,84776.7
VI WARNING: __vblank_interrupt outside of vblank period: 118
VI WARNING: __vblank_interrupt outside of vblank period: 376
VI WARNING: __vblank_interrupt outside of vblank period: 214
VI WARNING: __vblank_interrupt outside of vblank period: 470
M6,320x240x32,00540040,307200,u32r,405.9,407.9,0
VI WARNING: __vblank_interrupt outside of vblank period: 374
VI WARNING: __vblank_interrupt outside of vblank period: 230
VI WARNING: __vblank_interrupt outside of vblank period: 86
VI WARNING: __vblank_interrupt outside of vblank period: 384
M6,320x240x32,00540040,307200,u64r,425.8,427.2,0
VI WARNING: __vblank_interrupt outside of vblank period: 278
VI WARNING: __vblank_interrupt outside of vblank period: 120
VI WARNING: __vblank_interrupt outside of vblank period: 394
VI WARNING: __vblank_interrupt outside of vblank period: 236
M6,320x240x32,00540040,307200,u32w,206.7,207.7,0
VI WARNING: __vblank_interrupt outside of vblank period: 170
M6,320x240x32,00540040,307200,cr16,439.2,447.9,0
VI WARNING: __vblank_interrupt outside of vblank period: 70
VI WARNING: __vblank_interrupt outside of vblank period: 444
VI WARNING: __vblank_interrupt outside of vblank period: 194
VI WARNING: __vblank_interrupt outside of vblank period: 578
VI WARNING: __vblank_interrupt outside of vblank period: 328
M6,320x240x32,00540040,307200,rdp_fill,0,0,92250.4
VI WARNING: __vblank_interrupt outside of vblank period: 120
VI WARNING: __vblank_interrupt outside of vblank period: 378
VI WARNING: __vblank_interrupt outside of vblank period: 214
VI WARNING: __vblank_interrupt outside of vblank period: 468
M6,640x480x16,00540040,614400,u32r,405.3,407.3,0
VI WARNING: __vblank_interrupt outside of vblank period: 370
VI WARNING: __vblank_interrupt outside of vblank period: 228
VI WARNING: __vblank_interrupt outside of vblank period: 84
VI WARNING: __vblank_interrupt outside of vblank period: 382
M6,640x480x16,00540040,614400,u64r,425.3,426.8,0
VI WARNING: __vblank_interrupt outside of vblank period: 270
VI WARNING: __vblank_interrupt outside of vblank period: 114
VI WARNING: __vblank_interrupt outside of vblank period: 388
VI WARNING: __vblank_interrupt outside of vblank period: 244
M6,640x480x16,00540040,614400,u32w,206.6,207.7,0
VI WARNING: __vblank_interrupt outside of vblank period: 180
M6,640x480x16,00540040,614400,cr16,439.2,448.2,0
VI WARNING: __vblank_interrupt outside of vblank period: 80
VI WARNING: __vblank_interrupt outside of vblank period: 458
VI WARNING: __vblank_interrupt outside of vblank period: 212
VI WARNING: __vblank_interrupt outside of vblank period: 600
VI WARNING: __vblank_interrupt outside of vblank period: 18
VI WARNING: __vblank_interrupt outside of vblank period: 358
M6,640x480x16,00540040,614400,rdp_fill,0,0,92248.0
VI WARNING: __vblank_interrupt outside of vblank period: 50
VI WARNING: __vblank_interrupt outside of vblank period: 458
VI WARNING: __vblank_interrupt outside of vblank period: 220
VI WARNING: __vblank_interrupt outside of vblank period: 624
VI WARNING: __vblank_interrupt outside of vblank period: 40
VI WARNING: __vblank_interrupt outside of vblank period: 446
M6,640x480x32,00540040,1228800,u32r,472.7,477.9,0
VI WARNING: __vblank_interrupt outside of vblank period: 426
VI WARNING: __vblank_interrupt outside of vblank period: 356
VI WARNING: __vblank_interrupt outside of vblank period: 286
VI WARNING: __vblank_interrupt outside of vblank period: 218
VI WARNING: __vblank_interrupt outside of vblank period: 146
M6,640x480x32,00540040,1228800,u64r,497.7,499.1,0
VI WARNING: __vblank_interrupt outside of vblank period: 148
VI WARNING: __vblank_interrupt outside of vblank period: 100
VI WARNING: __vblank_interrupt outside of vblank period: 52
VI WARNING: __vblank_interrupt outside of vblank period: 20
M6,640x480x32,00540040,1228800,u32w,259.8,263.9,0
VI WARNING: __vblank_interrupt outside of vblank period: 98
VI WARNING: __vblank_interrupt outside of vblank period: 196
M6,640x480x32,00540040,1228800,cr16,545.9,575.5,0
VI WARNING: __vblank_interrupt outside of vblank period: 168
VI WARNING: __vblank_interrupt outside of vblank period: 562
VI WARNING: __vblank_interrupt outside of vblank period: 328
VI WARNING: __vblank_interrupt outside of vblank period: 118
VI WARNING: __vblank_interrupt outside of vblank period: 510
M6,640x480x32,00540040,1228800,rdp_fill,0,0,112683.6
M6,# done
M6b,fb_phys,state,client,cpu_ns_min,cpu_ns_mean,rdp_alone_us,vi_origin_after,vi_ctrl_after,vi_hvideo_after
VI WARNING: __vblank_interrupt outside of vblank period: 16
VI WARNING: __vblank_interrupt outside of vblank period: 218
VI WARNING: __vblank_interrupt outside of vblank period: 422
VI WARNING: __vblank_interrupt outside of vblank period: 158
M6b,00100000,shown,u32r,382.5,383.3,0,00100000,00003202,00800300
VI WARNING: __vblank_interrupt outside of vblank period: 32
VI WARNING: __vblank_interrupt outside of vblank period: 274
VI WARNING: __vblank_interrupt outside of vblank period: 104
M6b,00100000,shown,u64r,401.3,402.6,0,00100000,00003202,00800300
VI WARNING: __vblank_interrupt outside of vblank period: 370
VI WARNING: __vblank_interrupt outside of vblank period: 180
VI WARNING: __vblank_interrupt outside of vblank period: 384
VI WARNING: __vblank_interrupt outside of vblank period: 192
M6b,00100000,shown,u32w,191.0,191.5,0,00100000,00003202,00800300
VI WARNING: __vblank_interrupt outside of vblank period: 178
VI WARNING: __vblank_interrupt outside of vblank period: 122
M6b,00100000,shown,cr16,422.2,426.7,0,00100000,00003202,00800300
VI WARNING: __vblank_interrupt outside of vblank period: 152
VI WARNING: __vblank_interrupt outside of vblank period: 294
VI WARNING: __vblank_interrupt outside of vblank period: 438
VI WARNING: __vblank_interrupt outside of vblank period: 584
M6b,00100000,shown,rdp_fill,0,0,84740.6,00100000,00003202,00800300
VI WARNING: __vblank_interrupt outside of vblank period: 166
VI WARNING: __vblank_interrupt outside of vblank period: 394
VI WARNING: __vblank_interrupt outside of vblank period: 620
VI WARNING: __vblank_interrupt outside of vblank period: 34
VI WARNING: __vblank_interrupt outside of vblank period: 258
VI WARNING: __vblank_interrupt outside of vblank period: 484
M6b,00280000,shown,u32r,392.9,394.6,0,00280000,00003202,00800300
VI WARNING: __vblank_interrupt outside of vblank period: 366
VI WARNING: __vblank_interrupt outside of vblank period: 204
VI WARNING: __vblank_interrupt outside of vblank period: 42
VI WARNING: __vblank_interrupt outside of vblank period: 306
M6b,00280000,shown,u64r,411.7,412.6,0,00280000,00003202,00800300
VI WARNING: __vblank_interrupt outside of vblank period: 164
VI WARNING: __vblank_interrupt outside of vblank period: 378
VI WARNING: __vblank_interrupt outside of vblank period: 194
M6b,00280000,shown,u32w,193.9,194.7,0,00280000,00003202,00800300
VI WARNING: __vblank_interrupt outside of vblank period: 138
M6b,00280000,shown,cr16,426.7,432.0,0,00280000,00003202,00800300
VI WARNING: __vblank_interrupt outside of vblank period: 384
VI WARNING: __vblank_interrupt outside of vblank period: 528
VI WARNING: __vblank_interrupt outside of vblank period: 48
VI WARNING: __vblank_interrupt outside of vblank period: 192
VI WARNING: __vblank_interrupt outside of vblank period: 336
M6b,00280000,shown,rdp_fill,0,0,84754.6,00280000,00003202,00800300
VI WARNING: __vblank_interrupt outside of vblank period: 490
VI WARNING: __vblank_interrupt outside of vblank period: 32
VI WARNING: __vblank_interrupt outside of vblank period: 200
VI WARNING: __vblank_interrupt outside of vblank period: 366
VI WARNING: __vblank_interrupt outside of vblank period: 534
M6b,00100000,blank,u32r,366.3,366.4,0,00100000,00003302,00000000
VI WARNING: __vblank_interrupt outside of vblank period: 392
VI WARNING: __vblank_interrupt outside of vblank period: 206
VI WARNING: __vblank_interrupt outside of vblank period: 18
VI WARNING: __vblank_interrupt outside of vblank period: 228
M6b,00100000,blank,u64r,386.7,386.9,0,00100000,00003302,00000000
VI WARNING: __vblank_interrupt outside of vblank period: 56
VI WARNING: __vblank_interrupt outside of vblank period: 208
VI WARNING: __vblank_interrupt outside of vblank period: 362
M6b,00100000,blank,u32w,179.4,179.5,0,00100000,00003302,00000000
VI WARNING: __vblank_interrupt outside of vblank period: 78
M6b,00100000,blank,cr16,407.7,408.4,0,00100000,00003302,00000000
VI WARNING: __vblank_interrupt outside of vblank period: 86
VI WARNING: __vblank_interrupt outside of vblank period: 78
VI WARNING: __vblank_interrupt outside of vblank period: 70
VI WARNING: __vblank_interrupt outside of vblank period: 62
VI WARNING: __vblank_interrupt outside of vblank period: 54
M6b,00100000,blank,rdp_fill,0,0,79861.3,00100000,00003302,00000000
M6b,# done
M6c,fb_phys,client,cpu_ns_min,cpu_ns_mean,rdp_alone_us,vi_origin_after,vi_ctrl_after
VI WARNING: __vblank_interrupt outside of vblank period: 490
VI WARNING: __vblank_interrupt outside of vblank period: 112
VI WARNING: __vblank_interrupt outside of vblank period: 368
VI WARNING: __vblank_interrupt outside of vblank period: 624
VI WARNING: __vblank_interrupt outside of vblank period: 38
VI WARNING: __vblank_interrupt outside of vblank period: 292
M6c,00100000,u32r,406.0,408.6,0,00100000,00003203
VI WARNING: __vblank_interrupt outside of vblank period: 192
VI WARNING: __vblank_interrupt outside of vblank period: 44
VI WARNING: __vblank_interrupt outside of vblank period: 338
VI WARNING: __vblank_interrupt outside of vblank period: 192
M6c,00100000,u64r,425.9,427.2,0,00100000,00003203
VI WARNING: __vblank_interrupt outside of vblank period: 76
VI WARNING: __vblank_interrupt outside of vblank period: 352
VI WARNING: __vblank_interrupt outside of vblank period: 194
VI WARNING: __vblank_interrupt outside of vblank period: 36
M6c,00100000,u32w,206.7,207.8,0,00100000,00003203
VI WARNING: __vblank_interrupt outside of vblank period: 42
M6c,00100000,cr16,439.6,448.1,0,00100000,00003203
VI WARNING: __vblank_interrupt outside of vblank period: 490
VI WARNING: __vblank_interrupt outside of vblank period: 238
VI WARNING: __vblank_interrupt outside of vblank period: 622
VI WARNING: __vblank_interrupt outside of vblank period: 40
VI WARNING: __vblank_interrupt outside of vblank period: 370
VI WARNING: __vblank_interrupt outside of vblank period: 128
M6c,00100000,rdp_fill,0,0,92227.5,00100000,00003203
VI WARNING: __vblank_interrupt outside of vblank period: 624
VI WARNING: __vblank_interrupt outside of vblank period: 42
VI WARNING: __vblank_interrupt outside of vblank period: 322
VI WARNING: __vblank_interrupt outside of vblank period: 604
VI WARNING: __vblank_interrupt outside of vblank period: 20
VI WARNING: __vblank_interrupt outside of vblank period: 302
VI WARNING: __vblank_interrupt outside of vblank period: 584
M6c,00280000,u32r,422.1,422.4,0,00280000,00003203
VI WARNING: __vblank_interrupt outside of vblank period: 328
VI WARNING: __vblank_interrupt outside of vblank period: 196
VI WARNING: __vblank_interrupt outside of vblank period: 64
M6c,00280000,u64r,440.2,443.5,0,00280000,00003203
VI WARNING: __vblank_interrupt outside of vblank period: 420
VI WARNING: __vblank_interrupt outside of vblank period: 272
VI WARNING: __vblank_interrupt outside of vblank period: 124
VI WARNING: __vblank_interrupt outside of vblank period: 424
M6c,00280000,u32w,212.4,213.5,0,00280000,00003203
VI WARNING: __vblank_interrupt outside of vblank period: 170
VI WARNING: __vblank_interrupt outside of vblank period: 164
VI WARNING: __vblank_interrupt outside of vblank period: 160
M6c,00280000,cr16,465.4,474.2,0,00280000,00003203
VI WARNING: __vblank_interrupt outside of vblank period: 408
VI WARNING: __vblank_interrupt outside of vblank period: 164
VI WARNING: __vblank_interrupt outside of vblank period: 540
VI WARNING: __vblank_interrupt outside of vblank period: 290
VI WARNING: __vblank_interrupt outside of vblank period: 48
M6c,00280000,rdp_fill,0,0,92226.3,00280000,00003203
M6c,# done
M9,spfloor,len,delay_iters,dmas,win_us,ns_per_dma,MBps
VI WARNING: __vblank_interrupt outside of vblank period: 286
VI WARNING: __vblank_interrupt outside of vblank period: 504
VI WARNING: __vblank_interrupt outside of vblank period: 96
VI WARNING: __vblank_interrupt outside of vblank period: 312
VI WARNING: __vblank_interrupt outside of vblank period: 528
M9,spfloor,64,0,52371,25000.8,477.4,134.07
VI WARNING: __vblank_interrupt outside of vblank period: 166
VI WARNING: __vblank_interrupt outside of vblank period: 382
VI WARNING: __vblank_interrupt outside of vblank period: 596
VI WARNING: __vblank_interrupt outside of vblank period: 12
VI WARNING: __vblank_interrupt outside of vblank period: 228
VI WARNING: __vblank_interrupt outside of vblank period: 442
M9,spfloor,64,1,49732,25000.6,502.7,127.31
VI WARNING: __vblank_interrupt outside of vblank period: 78
VI WARNING: __vblank_interrupt outside of vblank period: 294
VI WARNING: __vblank_interrupt outside of vblank period: 508
VI WARNING: __vblank_interrupt outside of vblank period: 98
VI WARNING: __vblank_interrupt outside of vblank period: 312
M9,spfloor,64,2,42196,25000.7,592.5,108.02
VI WARNING: __vblank_interrupt outside of vblank period: 572
VI WARNING: __vblank_interrupt outside of vblank period: 162
VI WARNING: __vblank_interrupt outside of vblank period: 376
VI WARNING: __vblank_interrupt outside of vblank period: 590
VI WARNING: __vblank_interrupt outside of vblank period: 180
M9,spfloor,64,4,33929,25000.7,736.8,86.86
VI WARNING: __vblank_interrupt outside of vblank period: 440
VI WARNING: __vblank_interrupt outside of vblank period: 30
VI WARNING: __vblank_interrupt outside of vblank period: 244
VI WARNING: __vblank_interrupt outside of vblank period: 458
VI WARNING: __vblank_interrupt outside of vblank period: 46
M9,spfloor,64,8,23670,25000.7,1056.2,60.59
VI WARNING: __vblank_interrupt outside of vblank period: 308
VI WARNING: __vblank_interrupt outside of vblank period: 522
VI WARNING: __vblank_interrupt outside of vblank period: 112
VI WARNING: __vblank_interrupt outside of vblank period: 326
VI WARNING: __vblank_interrupt outside of vblank period: 540
M9,spfloor,64,16,14741,25000.7,1696.0,37.74
VI WARNING: __vblank_interrupt outside of vblank period: 178
VI WARNING: __vblank_interrupt outside of vblank period: 392
VI WARNING: __vblank_interrupt outside of vblank period: 606
VI WARNING: __vblank_interrupt outside of vblank period: 22
VI WARNING: __vblank_interrupt outside of vblank period: 238
VI WARNING: __vblank_interrupt outside of vblank period: 452
M9,spfloor,64,32,8401,25000.6,2976.1,21.50
VI WARNING: __vblank_interrupt outside of vblank period: 90
VI WARNING: __vblank_interrupt outside of vblank period: 308
VI WARNING: __vblank_interrupt outside of vblank period: 526
VI WARNING: __vblank_interrupt outside of vblank period: 118
VI WARNING: __vblank_interrupt outside of vblank period: 336
M9,spfloor,128,0,52259,25000.8,478.4,267.56
VI WARNING: __vblank_interrupt outside of vblank period: 600
VI WARNING: __vblank_interrupt outside of vblank period: 20
VI WARNING: __vblank_interrupt outside of vblank period: 238
VI WARNING: __vblank_interrupt outside of vblank period: 454
VI WARNING: __vblank_interrupt outside of vblank period: 46
VI WARNING: __vblank_interrupt outside of vblank period: 264
M9,spfloor,128,1,45839,25000.8,545.4,234.69
VI WARNING: __vblank_interrupt outside of vblank period: 530
VI WARNING: __vblank_interrupt outside of vblank period: 122
VI WARNING: __vblank_interrupt outside of vblank period: 340
VI WARNING: __vblank_interrupt outside of vblank period: 558
VI WARNING: __vblank_interrupt outside of vblank period: 148
M9,spfloor,128,2,40040,25000.7,624.4,205.00
VI WARNING: __vblank_interrupt outside of vblank period: 412
VI WARNING: __vblank_interrupt outside of vblank period: 176
VI WARNING: __vblank_interrupt outside of vblank period: 392
VI WARNING: __vblank_interrupt outside of vblank period: 610
VI WARNING: __vblank_interrupt outside of vblank period: 26
M9,spfloor,128,4,33226,25000.7,752.4,170.11
VI WARNING: __vblank_interrupt outside of vblank period: 290
VI WARNING: __vblank_interrupt outside of vblank period: 506
VI WARNING: __vblank_interrupt outside of vblank period: 94
VI WARNING: __vblank_interrupt outside of vblank period: 308
VI WARNING: __vblank_interrupt outside of vblank period: 522
M9,spfloor,128,8,23657,25000.7,1056.8,121.12
VI WARNING: __vblank_interrupt outside of vblank period: 160
VI WARNING: __vblank_interrupt outside of vblank period: 376
VI WARNING: __vblank_interrupt outside of vblank period: 592
VI WARNING: __vblank_interrupt outside of vblank period: 180
VI WARNING: __vblank_interrupt outside of vblank period: 398
M9,spfloor,128,16,14740,25000.7,1696.1,75.47
VI WARNING: __vblank_interrupt outside of vblank period: 32
VI WARNING: __vblank_interrupt outside of vblank period: 248
VI WARNING: __vblank_interrupt outside of vblank period: 462
VI WARNING: __vblank_interrupt outside of vblank period: 52
VI WARNING: __vblank_interrupt outside of vblank period: 266
M9,spfloor,128,32,8401,25000.6,2975.9,43.01
VI WARNING: __vblank_interrupt outside of vblank period: 530
VI WARNING: __vblank_interrupt outside of vblank period: 122
VI WARNING: __vblank_interrupt outside of vblank period: 340
VI WARNING: __vblank_interrupt outside of vblank period: 558
VI WARNING: __vblank_interrupt outside of vblank period: 150
M9,spfloor,512,0,18619,25001.0,1342.8,381.30
VI WARNING: __vblank_interrupt outside of vblank period: 414
VI WARNING: __vblank_interrupt outside of vblank period: 182
VI WARNING: __vblank_interrupt outside of vblank period: 402
VI WARNING: __vblank_interrupt outside of vblank period: 620
VI WARNING: __vblank_interrupt outside of vblank period: 38
M9,spfloor,512,4,18591,25000.9,1344.8,380.73
VI WARNING: __vblank_interrupt outside of vblank period: 302
VI WARNING: __vblank_interrupt outside of vblank period: 522
VI WARNING: __vblank_interrupt outside of vblank period: 114
VI WARNING: __vblank_interrupt outside of vblank period: 332
VI WARNING: __vblank_interrupt outside of vblank period: 550
M9,spfloor,512,16,14597,25000.8,1712.7,298.94
VI WARNING: __vblank_interrupt outside of vblank period: 188
VI WARNING: __vblank_interrupt outside of vblank period: 404
VI WARNING: __vblank_interrupt outside of vblank period: 622
VI WARNING: __vblank_interrupt outside of vblank period: 42
VI WARNING: __vblank_interrupt outside of vblank period: 260
VI WARNING: __vblank_interrupt outside of vblank period: 476
M9,spfloor,512,32,8401,25000.8,2975.9,172.05
M9,wb,cell,lines,ticks_min,ns_per_line_min,ns_per_line_mean,rdp_alone_us,rdp_us_mean,rdp_started,rdp_busy_after
M9,wb,cdirty8k,32768,65975,43.0,43.0,0.0,0.0,0,0
VI WARNING: __vblank_interrupt outside of vblank period: 246
VI WARNING: __vblank_interrupt outside of vblank period: 14
VI WARNING: __vblank_interrupt outside of vblank period: 126
M9,wb,cwb8k,32768,439421,286.1,287.8,0.0,0.0,0,0
M9,wb,writeback_alone,32768,373446,243.1,244.8,0,0,0,0
M9,wb,cdirty8k+rdp,32768,66121,43.0,43.1,84818.4,84929.2,5,5
VI WARNING: __vblank_interrupt outside of vblank period: 244
VI WARNING: __vblank_interrupt outside of vblank period: 76
VI WARNING: __vblank_interrupt outside of vblank period: 306
M9,wb,cwb8k+rdp,32768,574035,373.7,375.0,84818.4,85779.5,5,5
M9,wb,writeback_alone+rdp,32768,507914,330.7,331.9,0,0,0,0
M9,wbmech,cell,lines,ticks_min,ns_per_line_min,ns_per_line_mean
VI WARNING: __vblank_interrupt outside of vblank period: 328
VI WARNING: __vblank_interrupt outside of vblank period: 238
VI WARNING: __vblank_interrupt outside of vblank period: 150
VI WARNING: __vblank_interrupt outside of vblank period: 66
M9,wbmech,cw16,16384,670849,873.5,875.1
VI WARNING: __vblank_interrupt outside of vblank period: 220
VI WARNING: __vblank_interrupt outside of vblank period: 52
VI WARNING: __vblank_interrupt outside of vblank period: 296
M9,wbmech,cw16_flush8k,16384,547957,713.5,716.6
VI WARNING: __vblank_interrupt outside of vblank period: 170
VI WARNING: __vblank_interrupt outside of vblank period: 202
VI WARNING: __vblank_interrupt outside of vblank period: 34
M9,wbmech,cw16_flush2k,16384,547857,713.4,716.8
VI WARNING: __vblank_interrupt outside of vblank period: 76
VI WARNING: __vblank_interrupt outside of vblank period: 76
VI WARNING: __vblank_interrupt outside of vblank period: 76
VI WARNING: __vblank_interrupt outside of vblank period: 74
VI WARNING: __vblank_interrupt outside of vblank period: 74
M9,wbmech,cwb_lag4k,16384,801613,1043.8,1044.0
M9,ai,cell,accesses,cpu_ns_min,cpu_ns_mean,rdp_alone_us,rdp_us_mean,ai_status_before,ai_status_after,rdp_started,rdp_busy_after
VI WARNING: __vblank_interrupt outside of vblank period: 428
VI WARNING: __vblank_interrupt outside of vblank period: 164
VI WARNING: __vblank_interrupt outside of vblank period: 368
VI WARNING: __vblank_interrupt outside of vblank period: 574
M9,ai,u32r,65536,382.4,383.5,0.0,0.0,00000000,00000000,0,0
VI WARNING: __vblank_interrupt outside of vblank period: 260
VI WARNING: __vblank_interrupt outside of vblank period: 474
VI WARNING: __vblank_interrupt outside of vblank period: 60
VI WARNING: __vblank_interrupt outside of vblank period: 280
VI WARNING: __vblank_interrupt outside of vblank period: 496
M9,ai,u32r+ai,65536,383.9,385.2,0.0,0.0,c3f80151,43f00018,0,0
VI WARNING: __vblank_interrupt outside of vblank period: 128
VI WARNING: __vblank_interrupt outside of vblank period: 74
M9,ai,cr16,16384,423.3,426.8,0.0,0.0,00000000,00000000,0,0
VI WARNING: __vblank_interrupt outside of vblank period: 90
VI WARNING: __vblank_interrupt outside of vblank period: 48
M9,ai,cr16+ai,16384,423.4,428.3,0.0,0.0,c3d803c9,43f80224,0,0
VI WARNING: __vblank_interrupt outside of vblank period: 174
VI WARNING: __vblank_interrupt outside of vblank period: 384
VI WARNING: __vblank_interrupt outside of vblank period: 198
VI WARNING: __vblank_interrupt outside of vblank period: 12
M9,ai,u32w,65536,192.0,192.8,0.0,0.0,00000000,00000000,0,0
VI WARNING: __vblank_interrupt outside of vblank period: 296
VI WARNING: __vblank_interrupt outside of vblank period: 116
VI WARNING: __vblank_interrupt outside of vblank period: 332
M9,ai,u32w+ai,65536,192.0,192.9,0.0,0.0,c3f0029f,43d10144,0,0
VI WARNING: __vblank_interrupt outside of vblank period: 580
VI WARNING: __vblank_interrupt outside of vblank period: 116
VI WARNING: __vblank_interrupt outside of vblank period: 276
VI WARNING: __vblank_interrupt outside of vblank period: 422
VI WARNING: __vblank_interrupt outside of vblank period: 570
M9,ai,rdp,0,0.0,0.0,84818.4,84995.0,00000000,00000000,5,5
VI WARNING: __vblank_interrupt outside of vblank period: 194
VI WARNING: __vblank_interrupt outside of vblank period: 378
VI WARNING: __vblank_interrupt outside of vblank period: 564
VI WARNING: __vblank_interrupt outside of vblank period: 124
VI WARNING: __vblank_interrupt outside of vblank period: 312
M9,ai,rdp+ai,0,0.0,0.0,84818.4,85303.8,c3f10041,43d80248,5,5
M9,# done
M4,cell,cpu_ns_min,cpu_ns_mean,rdp_us_min,rdp_started,rdp_busy_after
VI WARNING: __vblank_interrupt outside of vblank period: 520
VI WARNING: __vblank_interrupt outside of vblank period: 96
VI WARNING: __vblank_interrupt outside of vblank period: 302
VI WARNING: __vblank_interrupt outside of vblank period: 506
VI WARNING: __vblank_interrupt outside of vblank period: 84
M4,cpu_rspq_idle,382.4,383.2,0.0,0,0
VI WARNING: __vblank_interrupt outside of vblank period: 334
VI WARNING: __vblank_interrupt outside of vblank period: 486
VI WARNING: __vblank_interrupt outside of vblank period: 160
VI WARNING: __vblank_interrupt outside of vblank period: 308
M4,rspq_fill_alone,0.0,0.0,84819.2,5,5
VI WARNING: __vblank_interrupt outside of vblank period: 574
VI WARNING: __vblank_interrupt outside of vblank period: 326
VI WARNING: __vblank_interrupt outside of vblank period: 82
VI WARNING: __vblank_interrupt outside of vblank period: 462
VI WARNING: __vblank_interrupt outside of vblank period: 218
M4,cpu+rspq_fill,412.2,413.0,92183.0,5,5
M4,# done
[Debug]: Stopped
